###############################################################################
#                                                                             #
# IAR ELF Linker V6.40.2.53884/W32 for ARM              21/Feb/2013  14:47:19 #
# Copyright 2007-2012 IAR Systems AB.                                         #
#                                                                             #
#    Output file  =  C:\Working\GES\MPPT\F4\STM32F4xx\IAR-STM32F407ZG-SK\LCD\ #
#                    Flash Debug\Exe\LCD.out                                  #
#    Map file     =  C:\Working\GES\MPPT\F4\STM32F4xx\IAR-STM32F407ZG-SK\LCD\ #
#                    Flash Debug\List\LCD.map                                 #
#    Command line =  "C:\Working\GES\MPPT\F4\STM32F4xx\IAR-STM32F407ZG-SK\LCD #
#                    \Flash Debug\Obj\Terminal_18_24x12.o"                    #
#                    "C:\Working\GES\MPPT\F4\STM32F4xx\IAR-STM32F407ZG-SK\LCD #
#                    \Flash Debug\Obj\Terminal_6_8x6.o"                       #
#                    "C:\Working\GES\MPPT\F4\STM32F4xx\IAR-STM32F407ZG-SK\LCD #
#                    \Flash Debug\Obj\Terminal_9_12x6.o"                      #
#                    "C:\Working\GES\MPPT\F4\STM32F4xx\IAR-STM32F407ZG-SK\LCD #
#                    \Flash Debug\Obj\drv_glcd.o"                             #
#                    "C:\Working\GES\MPPT\F4\STM32F4xx\IAR-STM32F407ZG-SK\LCD #
#                    \Flash Debug\Obj\glcd_ll.o"                              #
#                    "C:\Working\GES\MPPT\F4\STM32F4xx\IAR-STM32F407ZG-SK\LCD #
#                    \Flash Debug\Obj\iar_logo.o"                             #
#                    "C:\Working\GES\MPPT\F4\STM32F4xx\IAR-STM32F407ZG-SK\LCD #
#                    \Flash Debug\Obj\iar_stm32f407zg_sk.o"                   #
#                    "C:\Working\GES\MPPT\F4\STM32F4xx\IAR-STM32F407ZG-SK\LCD #
#                    \Flash Debug\Obj\main.o" "C:\Working\GES\MPPT\F4\STM32F4 #
#                    xx\IAR-STM32F407ZG-SK\LCD\Flash Debug\Obj\misc.o"        #
#                    "C:\Working\GES\MPPT\F4\STM32F4xx\IAR-STM32F407ZG-SK\LCD #
#                    \Flash Debug\Obj\startup_stm32f4xx.o"                    #
#                    "C:\Working\GES\MPPT\F4\STM32F4xx\IAR-STM32F407ZG-SK\LCD #
#                    \Flash Debug\Obj\stm32f4xx_adc.o"                        #
#                    "C:\Working\GES\MPPT\F4\STM32F4xx\IAR-STM32F407ZG-SK\LCD #
#                    \Flash Debug\Obj\stm32f4xx_can.o"                        #
#                    "C:\Working\GES\MPPT\F4\STM32F4xx\IAR-STM32F407ZG-SK\LCD #
#                    \Flash Debug\Obj\stm32f4xx_crc.o"                        #
#                    "C:\Working\GES\MPPT\F4\STM32F4xx\IAR-STM32F407ZG-SK\LCD #
#                    \Flash Debug\Obj\stm32f4xx_cryp.o"                       #
#                    "C:\Working\GES\MPPT\F4\STM32F4xx\IAR-STM32F407ZG-SK\LCD #
#                    \Flash Debug\Obj\stm32f4xx_cryp_aes.o"                   #
#                    "C:\Working\GES\MPPT\F4\STM32F4xx\IAR-STM32F407ZG-SK\LCD #
#                    \Flash Debug\Obj\stm32f4xx_cryp_des.o"                   #
#                    "C:\Working\GES\MPPT\F4\STM32F4xx\IAR-STM32F407ZG-SK\LCD #
#                    \Flash Debug\Obj\stm32f4xx_cryp_tdes.o"                  #
#                    "C:\Working\GES\MPPT\F4\STM32F4xx\IAR-STM32F407ZG-SK\LCD #
#                    \Flash Debug\Obj\stm32f4xx_dac.o"                        #
#                    "C:\Working\GES\MPPT\F4\STM32F4xx\IAR-STM32F407ZG-SK\LCD #
#                    \Flash Debug\Obj\stm32f4xx_dbgmcu.o"                     #
#                    "C:\Working\GES\MPPT\F4\STM32F4xx\IAR-STM32F407ZG-SK\LCD #
#                    \Flash Debug\Obj\stm32f4xx_dcmi.o"                       #
#                    "C:\Working\GES\MPPT\F4\STM32F4xx\IAR-STM32F407ZG-SK\LCD #
#                    \Flash Debug\Obj\stm32f4xx_dma.o"                        #
#                    "C:\Working\GES\MPPT\F4\STM32F4xx\IAR-STM32F407ZG-SK\LCD #
#                    \Flash Debug\Obj\stm32f4xx_exti.o"                       #
#                    "C:\Working\GES\MPPT\F4\STM32F4xx\IAR-STM32F407ZG-SK\LCD #
#                    \Flash Debug\Obj\stm32f4xx_flash.o"                      #
#                    "C:\Working\GES\MPPT\F4\STM32F4xx\IAR-STM32F407ZG-SK\LCD #
#                    \Flash Debug\Obj\stm32f4xx_fsmc.o"                       #
#                    "C:\Working\GES\MPPT\F4\STM32F4xx\IAR-STM32F407ZG-SK\LCD #
#                    \Flash Debug\Obj\stm32f4xx_gpio.o"                       #
#                    "C:\Working\GES\MPPT\F4\STM32F4xx\IAR-STM32F407ZG-SK\LCD #
#                    \Flash Debug\Obj\stm32f4xx_hash.o"                       #
#                    "C:\Working\GES\MPPT\F4\STM32F4xx\IAR-STM32F407ZG-SK\LCD #
#                    \Flash Debug\Obj\stm32f4xx_hash_md5.o"                   #
#                    "C:\Working\GES\MPPT\F4\STM32F4xx\IAR-STM32F407ZG-SK\LCD #
#                    \Flash Debug\Obj\stm32f4xx_hash_sha1.o"                  #
#                    "C:\Working\GES\MPPT\F4\STM32F4xx\IAR-STM32F407ZG-SK\LCD #
#                    \Flash Debug\Obj\stm32f4xx_i2c.o"                        #
#                    "C:\Working\GES\MPPT\F4\STM32F4xx\IAR-STM32F407ZG-SK\LCD #
#                    \Flash Debug\Obj\stm32f4xx_it.o"                         #
#                    "C:\Working\GES\MPPT\F4\STM32F4xx\IAR-STM32F407ZG-SK\LCD #
#                    \Flash Debug\Obj\stm32f4xx_iwdg.o"                       #
#                    "C:\Working\GES\MPPT\F4\STM32F4xx\IAR-STM32F407ZG-SK\LCD #
#                    \Flash Debug\Obj\stm32f4xx_pwr.o"                        #
#                    "C:\Working\GES\MPPT\F4\STM32F4xx\IAR-STM32F407ZG-SK\LCD #
#                    \Flash Debug\Obj\stm32f4xx_rcc.o"                        #
#                    "C:\Working\GES\MPPT\F4\STM32F4xx\IAR-STM32F407ZG-SK\LCD #
#                    \Flash Debug\Obj\stm32f4xx_rng.o"                        #
#                    "C:\Working\GES\MPPT\F4\STM32F4xx\IAR-STM32F407ZG-SK\LCD #
#                    \Flash Debug\Obj\stm32f4xx_rtc.o"                        #
#                    "C:\Working\GES\MPPT\F4\STM32F4xx\IAR-STM32F407ZG-SK\LCD #
#                    \Flash Debug\Obj\stm32f4xx_sdio.o"                       #
#                    "C:\Working\GES\MPPT\F4\STM32F4xx\IAR-STM32F407ZG-SK\LCD #
#                    \Flash Debug\Obj\stm32f4xx_spi.o"                        #
#                    "C:\Working\GES\MPPT\F4\STM32F4xx\IAR-STM32F407ZG-SK\LCD #
#                    \Flash Debug\Obj\stm32f4xx_syscfg.o"                     #
#                    "C:\Working\GES\MPPT\F4\STM32F4xx\IAR-STM32F407ZG-SK\LCD #
#                    \Flash Debug\Obj\stm32f4xx_tim.o"                        #
#                    "C:\Working\GES\MPPT\F4\STM32F4xx\IAR-STM32F407ZG-SK\LCD #
#                    \Flash Debug\Obj\stm32f4xx_usart.o"                      #
#                    "C:\Working\GES\MPPT\F4\STM32F4xx\IAR-STM32F407ZG-SK\LCD #
#                    \Flash Debug\Obj\stm32f4xx_wwdg.o"                       #
#                    "C:\Working\GES\MPPT\F4\STM32F4xx\IAR-STM32F407ZG-SK\LCD #
#                    \Flash Debug\Obj\system_stm32f4xx.o" -o                  #
#                    "C:\Working\GES\MPPT\F4\STM32F4xx\IAR-STM32F407ZG-SK\LCD #
#                    \Flash Debug\Exe\LCD.out" --map                          #
#                    "C:\Working\GES\MPPT\F4\STM32F4xx\IAR-STM32F407ZG-SK\LCD #
#                    \Flash Debug\List\LCD.map" --config                      #
#                    C:\Working\GES\MPPT\F4\STM32F4xx\IAR-STM32F407ZG-SK\LCD\ #
#                    config\stm32f4xx_flash.icf --semihosting --entry         #
#                    __iar_program_start --redirect                           #
#                    __iar_sh_stdout=__iar_sh_stdout_swo --vfe                #
#                                                                             #
#                                                                             #
###############################################################################

*******************************************************************************
*** RUNTIME MODEL ATTRIBUTES
***

CppFlavor       = *
__Heap_Handler  = Basic
__SystemLibrary = DLib


*******************************************************************************
*** PLACEMENT SUMMARY
***

"A1":  place at 0x08000000 { ro section .intvec };
"P1":  place in [from 0x08000000 to 0x080fffff] { ro };
"P2":  place in [from 0x20000000 to 0x2001ffff] { rw, block CSTACK, block HEAP };

  Section             Kind        Address    Size  Object
  -------             ----        -------    ----  ------
"A1":                                       0x188
  .intvec             ro code  0x08000000   0x188  startup_stm32f4xx.o [1]
                             - 0x08000188   0x188

"P1":                                      0xe38c
  .rodata             const    0x08000188  0x8820  iar_logo.o [1]
  .text               ro code  0x080089a8   0xcb6  xprintffull_nomb.o [3]
  .text               ro code  0x0800965e    0x22  zero_init3.o [5]
  .text               ro code  0x08009680    0x16  strchr.o [5]
  .text               ro code  0x08009696     0xa  xsprout.o [3]
  .text               ro code  0x080096a0    0x36  strlen.o [5]
  .text               ro code  0x080096d8    0x58  memchr.o [5]
  .text               ro code  0x08009730    0xee  I64DivMod.o [5]
  .text               ro code  0x08009820    0x76  ABImemcpy.o [5]
  .text               ro code  0x08009896    0x42  xdnorm.o [4]
  .text               ro code  0x080098d8    0x2e  DblCmpLe.o [4]
  .text               ro code  0x08009908    0x2e  DblCmpGe.o [4]
  .text               ro code  0x08009938   0x10c  xdscale.o [4]
  .text               ro code  0x08009a44    0x58  DblToI32.o [4]
  .text               ro code  0x08009a9c    0x30  I32ToDbl.o [4]
  .text               ro code  0x08009acc   0x180  DblSub.o [4]
  .text               ro code  0x08009c4c   0x1a2  DblMul.o [4]
  .text               ro code  0x08009df0   0x246  DblDiv.o [4]
  .text               ro code  0x0800a038    0x6c  localeconv.o [3]
  .text               ro code  0x0800a0a4     0xe  div.o [3]
  .text               ro code  0x0800a0b4     0x2  I64DivZer.o [5]
  .text               ro code  0x0800a0b8    0xd4  DblAdd.o [4]
  .text               ro code  0x0800a18c     0x2  xtls.o [3]
  .rodata             const    0x0800a190   0xc00  Terminal_9_12x6.o [1]
  .text               ro code  0x0800ad90   0x9ee  drv_glcd.o [1]
  .text               ro code  0x0800b780   0x2bc  glcd_ll.o [1]
  .text               ro code  0x0800ba3c   0x418  main.o [1]
  .text               ro code  0x0800be54    0x4c  xassert.o [3]
  .text               ro code  0x0800bea0    0x2c  vsprintf.o [3]
  .text               ro code  0x0800becc   0x106  stm32f4xx_gpio.o [1]
  .text               ro code  0x0800bfd4   0x26c  stm32f4xx_rcc.o [1]
  .text               ro code  0x0800c240   0x500  stm32f4xx_tim.o [1]
  .text               ro code  0x0800c740     0xc  stm32f4xx_pwr.o [1]
  .text               ro code  0x0800c74c   0x360  stm32f4xx_rtc.o [1]
  .text               ro code  0x0800caac    0xa4  stm32f4xx_exti.o [1]
  .text               ro code  0x0800cb50    0x78  misc.o [1]
  .text               ro code  0x0800cbc8    0x1c  main.o [1]
  .text               ro code  0x0800cbe4    0x18  main.o [1]
  .text               ro code  0x0800cbfc   0x148  iar_stm32f407zg_sk.o [1]
  .text               ro code  0x0800cd44   0x168  stm32f4xx_adc.o [1]
  .text               ro code  0x0800ceac    0xb0  xreportassert.o [3]
  .text               ro code  0x0800cf5c     0x6  abort.o [3]
  .text               ro code  0x0800cf64    0x54  stm32f4xx_syscfg.o [1]
  .text               ro code  0x0800cfb8    0x56  fputc.o [3]
  .text               ro code  0x0800d010    0xb0  fflush.o [3]
  .text               ro code  0x0800d0c0    0x14  exit.o [6]
  .text               ro code  0x0800d0d4     0x4  xsyslock_nop.o [3]
  .text               ro code  0x0800d0d8    0xb6  xfwprep.o [3]
  .text               ro code  0x0800d18e    0x10  write.o [6]
  .text               ro code  0x0800d1a0    0xb0  xxmemxmalloc.o [3]
  .text               ro code  0x0800d250    0x22  fseek.o [3]
  .text               ro code  0x0800d272    0x1e  dwrite.o [6]
  .text               ro code  0x0800d290    0x80  xxmemxfree.o [3]
  .text               ro code  0x0800d310    0x28  xgetmemchunk.o [3]
  .text               ro code  0x0800d338    0xd6  xfspos.o [3]
  .text               ro code  0x0800d410    0x4c  iarwstdswo.o [6]
  .text               ro code  0x0800d45c    0x22  iarwrite.o [6]
  .text               ro code  0x0800d47e     0xc  xfgpos.o [3]
  .text               ro code  0x0800d48a    0x4c  lseek.o [6]
  .text               ro code  0x0800d4d8     0xc  errno.o [3]
  .text               ro code  0x0800d4e4    0xe0  XShHandles.o [3]
  .rodata             const    0x0800d5c4   0x360  drv_glcd.o [1]
  .rodata             const    0x0800d924   0x360  drv_glcd.o [1]
  .text               ro code  0x0800dc84   0x144  system_stm32f4xx.o [1]
  .text               ro code  0x0800ddc8    0xa6  packbits_init3.o [5]
  .text               ro code  0x0800de70    0x94  stm32f4xx_it.o [1]
  .text               ro code  0x0800df04    0x80  xfofind.o [3]
  .text               ro code  0x0800df84    0x7a  fclose.o [3]
  .text               ro code  0x0800dffe    0x1a  close.o [6]
  .text               ro code  0x0800e018    0x16  remove.o [6]
  .text               ro code  0x0800e030    0x58  xcloseall.o [3]
  .rodata             const    0x0800e088    0x4c  drv_glcd.o [1]
  .text               ro code  0x0800e0d4    0x28  data_init3.o [5]
  .iar.init_table     const    0x0800e0fc    0x2c  - Linker created -
  .rodata             const    0x0800e128    0x20  drv_glcd.o [1]
  .rodata             const    0x0800e148    0x20  iar_stm32f407zg_sk.o [1]
  .rodata             const    0x0800e168    0x1c  drv_glcd.o [1]
  .rodata             const    0x0800e184    0x1c  main.o [1]
  .text               ro code  0x0800e1a0    0x16  cmain.o [5]
  .text               ro code  0x0800e1b6     0x4  low_level_init.o [3]
  .text               ro code  0x0800e1ba     0x4  exit.o [3]
  .text               ro code  0x0800e1c0     0xe  cexit.o [5]
  .rodata             const    0x0800e1d0    0x14  Terminal_9_12x6.o [1]
  .rodata             const    0x0800e1e4    0x14  drv_glcd.o [1]
  .rodata             const    0x0800e1f8    0x10  drv_glcd.o [1]
  .rodata             const    0x0800e208    0x10  iar_stm32f407zg_sk.o [1]
  .rodata             const    0x0800e218    0x10  iar_stm32f407zg_sk.o [1]
  .rodata             const    0x0800e228    0x10  iar_stm32f407zg_sk.o [1]
  .rodata             const    0x0800e238    0x10  iar_stm32f407zg_sk.o [1]
  .rodata             const    0x0800e248    0x10  iar_stm32f407zg_sk.o [1]
  .rodata             const    0x0800e258    0x10  iar_stm32f407zg_sk.o [1]
  .rodata             const    0x0800e268    0x10  main.o [1]
  .text               ro code  0x0800e278    0x10  startup_stm32f4xx.o [1]
  .rodata             const    0x0800e288     0xc  main.o [1]
  .text               ro code  0x0800e294     0xc  cstartup_M.o [5]
  .rodata             const    0x0800e2a0     0x8  iar_stm32f407zg_sk.o [1]
  .rodata             const    0x0800e2a8     0x4  drv_glcd.o [1]
  .text               ro code  0x0800e2ac     0x4  startup_stm32f4xx.o [1]
  .text               ro code  0x0800e2b0     0x4  startup_stm32f4xx.o [1]
  .text               ro code  0x0800e2b4     0x4  startup_stm32f4xx.o [1]
  .text               ro code  0x0800e2b8     0x4  startup_stm32f4xx.o [1]
  .text               ro code  0x0800e2bc     0x4  startup_stm32f4xx.o [1]
  .text               ro code  0x0800e2c0     0x4  startup_stm32f4xx.o [1]
  .text               ro code  0x0800e2c4     0x4  startup_stm32f4xx.o [1]
  .text               ro code  0x0800e2c8     0x4  startup_stm32f4xx.o [1]
  .text               ro code  0x0800e2cc     0x4  startup_stm32f4xx.o [1]
  .text               ro code  0x0800e2d0     0x4  startup_stm32f4xx.o [1]
  .text               ro code  0x0800e2d4     0x4  startup_stm32f4xx.o [1]
  .text               ro code  0x0800e2d8     0x4  startup_stm32f4xx.o [1]
  .text               ro code  0x0800e2dc     0x4  startup_stm32f4xx.o [1]
  .text               ro code  0x0800e2e0     0x4  startup_stm32f4xx.o [1]
  .text               ro code  0x0800e2e4     0x4  startup_stm32f4xx.o [1]
  .text               ro code  0x0800e2e8     0x4  startup_stm32f4xx.o [1]
  .text               ro code  0x0800e2ec     0x4  startup_stm32f4xx.o [1]
  .text               ro code  0x0800e2f0     0x4  startup_stm32f4xx.o [1]
  .text               ro code  0x0800e2f4     0x4  startup_stm32f4xx.o [1]
  .text               ro code  0x0800e2f8     0x4  startup_stm32f4xx.o [1]
  .text               ro code  0x0800e2fc     0x4  startup_stm32f4xx.o [1]
  .text               ro code  0x0800e300     0x4  startup_stm32f4xx.o [1]
  .text               ro code  0x0800e304     0x4  startup_stm32f4xx.o [1]
  .text               ro code  0x0800e308     0x4  startup_stm32f4xx.o [1]
  .text               ro code  0x0800e30c     0x4  startup_stm32f4xx.o [1]
  .text               ro code  0x0800e310     0x4  startup_stm32f4xx.o [1]
  .text               ro code  0x0800e314     0x4  startup_stm32f4xx.o [1]
  .text               ro code  0x0800e318     0x4  startup_stm32f4xx.o [1]
  .text               ro code  0x0800e31c     0x4  startup_stm32f4xx.o [1]
  .text               ro code  0x0800e320     0x4  startup_stm32f4xx.o [1]
  .text               ro code  0x0800e324     0x4  startup_stm32f4xx.o [1]
  .text               ro code  0x0800e328     0x4  startup_stm32f4xx.o [1]
  .text               ro code  0x0800e32c     0x4  startup_stm32f4xx.o [1]
  .text               ro code  0x0800e330     0x4  startup_stm32f4xx.o [1]
  .text               ro code  0x0800e334     0x4  startup_stm32f4xx.o [1]
  .text               ro code  0x0800e338     0x4  startup_stm32f4xx.o [1]
  .text               ro code  0x0800e33c     0x4  startup_stm32f4xx.o [1]
  .text               ro code  0x0800e340     0x4  startup_stm32f4xx.o [1]
  .text               ro code  0x0800e344     0x4  startup_stm32f4xx.o [1]
  .text               ro code  0x0800e348     0x4  startup_stm32f4xx.o [1]
  .text               ro code  0x0800e34c     0x4  startup_stm32f4xx.o [1]
  .text               ro code  0x0800e350     0x4  startup_stm32f4xx.o [1]
  .text               ro code  0x0800e354     0x4  startup_stm32f4xx.o [1]
  .text               ro code  0x0800e358     0x4  startup_stm32f4xx.o [1]
  .text               ro code  0x0800e35c     0x4  startup_stm32f4xx.o [1]
  .text               ro code  0x0800e360     0x4  startup_stm32f4xx.o [1]
  .text               ro code  0x0800e364     0x4  startup_stm32f4xx.o [1]
  .text               ro code  0x0800e368     0x4  startup_stm32f4xx.o [1]
  .text               ro code  0x0800e36c     0x4  startup_stm32f4xx.o [1]
  .text               ro code  0x0800e370     0x4  startup_stm32f4xx.o [1]
  .text               ro code  0x0800e374     0x4  startup_stm32f4xx.o [1]
  .text               ro code  0x0800e378     0x4  startup_stm32f4xx.o [1]
  .text               ro code  0x0800e37c     0x4  startup_stm32f4xx.o [1]
  .text               ro code  0x0800e380     0x4  startup_stm32f4xx.o [1]
  .text               ro code  0x0800e384     0x4  startup_stm32f4xx.o [1]
  .text               ro code  0x0800e388     0x4  startup_stm32f4xx.o [1]
  .text               ro code  0x0800e38c     0x4  startup_stm32f4xx.o [1]
  .text               ro code  0x0800e390     0x4  startup_stm32f4xx.o [1]
  .text               ro code  0x0800e394     0x4  startup_stm32f4xx.o [1]
  .text               ro code  0x0800e398     0x4  startup_stm32f4xx.o [1]
  .text               ro code  0x0800e39c     0x4  startup_stm32f4xx.o [1]
  .text               ro code  0x0800e3a0     0x4  startup_stm32f4xx.o [1]
  .text               ro code  0x0800e3a4     0x4  startup_stm32f4xx.o [1]
  .text               ro code  0x0800e3a8     0x4  startup_stm32f4xx.o [1]
  .text               ro code  0x0800e3ac     0x4  startup_stm32f4xx.o [1]
  .text               ro code  0x0800e3b0     0x4  startup_stm32f4xx.o [1]
  .text               ro code  0x0800e3b4     0x4  startup_stm32f4xx.o [1]
  .text               ro code  0x0800e3b8     0x4  startup_stm32f4xx.o [1]
  .text               ro code  0x0800e3bc     0x4  startup_stm32f4xx.o [1]
  .text               ro code  0x0800e3c0     0x4  startup_stm32f4xx.o [1]
  .text               ro code  0x0800e3c4     0x4  startup_stm32f4xx.o [1]
  .text               ro code  0x0800e3c8     0x4  startup_stm32f4xx.o [1]
  .text               ro code  0x0800e3cc     0x4  startup_stm32f4xx.o [1]
  .text               ro code  0x0800e3d0     0x4  startup_stm32f4xx.o [1]
  .text               ro code  0x0800e3d4     0x4  startup_stm32f4xx.o [1]
  .text               ro code  0x0800e3d8     0x4  startup_stm32f4xx.o [1]
  .text               ro code  0x0800e3dc     0x4  startup_stm32f4xx.o [1]
  .text               ro code  0x0800e3e0     0x4  startup_stm32f4xx.o [1]
  .text               ro code  0x0800e3e4     0x4  startup_stm32f4xx.o [1]
  .text               ro code  0x0800e3e8     0x4  startup_stm32f4xx.o [1]
  .text               ro code  0x0800e3ec     0x4  startup_stm32f4xx.o [1]
  .text               ro code  0x0800e3f0     0x4  startup_stm32f4xx.o [1]
  .text               ro code  0x0800e3f4     0x4  startup_stm32f4xx.o [1]
  .text               ro code  0x0800e3f8     0x4  startup_stm32f4xx.o [1]
  .text               ro code  0x0800e3fc     0x4  startup_stm32f4xx.o [1]
  .text               ro code  0x0800e400     0x4  startup_stm32f4xx.o [1]
  .text               ro code  0x0800e404     0x4  startup_stm32f4xx.o [1]
  .text               ro code  0x0800e408     0x4  startup_stm32f4xx.o [1]
  .text               ro code  0x0800e40c     0x4  startup_stm32f4xx.o [1]
  .text               ro code  0x0800e410     0x4  startup_stm32f4xx.o [1]
  .text               ro code  0x0800e414     0x4  startup_stm32f4xx.o [1]
  .text               ro code  0x0800e418     0x0  cstart_closeall.o [5]
  .rodata             const    0x0800e418     0x0  zero_init3.o [5]
  .rodata             const    0x0800e418     0x0  packbits_init3.o [5]
  Initializer bytes   ro data  0x0800e418    0xfb  <for P2 s0>
                             - 0x0800e513  0xe38b

"P2", part 1 of 3:                          0x1b4
  P2 s0                        0x20000000   0x1b4  <Init block>
    __DLIB_PERTHREAD  inited   0x20000000    0x50  localeconv.o [3]
    .data             inited   0x20000050    0x40  xfiles.o [3]
    .data             inited   0x20000090    0x40  xfiles.o [3]
    .data             inited   0x200000d0    0x40  xfiles.o [3]
    .data             inited   0x20000110    0x20  iar_stm32f407zg_sk.o [1]
    .data             inited   0x20000130    0x20  xfiles.o [3]
    .data             inited   0x20000150    0x1c  iar_logo.o [1]
    .data             inited   0x2000016c    0x18  Terminal_9_12x6.o [1]
    .data             inited   0x20000184    0x10  iar_stm32f407zg_sk.o [1]
    .data             inited   0x20000194    0x10  stm32f4xx_rcc.o [1]
    .data             inited   0x200001a4     0x4  drv_glcd.o [1]
    .data             inited   0x200001a8     0x4  drv_glcd.o [1]
    .data             inited   0x200001ac     0x4  drv_glcd.o [1]
    .data             inited   0x200001b0     0x4  system_stm32f4xx.o [1]
                             - 0x200001b4   0x1b4

"P2", part 2 of 3:                          0x18c
  .bss                zero     0x200001b4    0x80  XShHandles.o [3]
  .bss                zero     0x20000234    0x50  xfiles.o [3]
  .bss                zero     0x20000284    0x50  xfiles.o [3]
  .bss                zero     0x200002d4     0xc  main.o [1]
  .bss                zero     0x200002e0     0x8  xxmemxmalloc.o [3]
  .bss                zero     0x200002e8     0x4  drv_glcd.o [1]
  .bss                zero     0x200002ec     0x4  drv_glcd.o [1]
  .bss                zero     0x200002f0     0x4  drv_glcd.o [1]
  .bss                zero     0x200002f4     0x4  drv_glcd.o [1]
  .bss                zero     0x200002f8     0x4  drv_glcd.o [1]
  .bss                zero     0x200002fc     0x4  drv_glcd.o [1]
  .bss                zero     0x20000300     0x4  drv_glcd.o [1]
  .bss                zero     0x20000304     0x4  drv_glcd.o [1]
  .bss                zero     0x20000308     0x4  drv_glcd.o [1]
  .bss                zero     0x2000030c     0x4  drv_glcd.o [1]
  .bss                zero     0x20000310     0x4  drv_glcd.o [1]
  .bss                zero     0x20000314     0x4  glcd_ll.o [1]
  .bss                zero     0x20000318     0x4  main.o [1]
  .bss                zero     0x2000031c     0x4  main.o [1]
  .bss                zero     0x20000320     0x4  main.o [1]
  .bss                zero     0x20000324     0x4  main.o [1]
  .bss                zero     0x20000328     0x4  main.o [1]
  .bss                zero     0x2000032c     0x4  main.o [1]
  .bss                zero     0x20000330     0x4  stm32f4xx_it.o [1]
  .bss                zero     0x20000334     0x4  xgetmemchunk.o [3]
  __DLIB_PERTHREAD    zero     0x20000338     0x4  errno.o [3]
  .bss                zero     0x2000033c     0x1  drv_glcd.o [1]
                             - 0x2000033d   0x189

"P2", part 3 of 3:                          0x600
  CSTACK                       0x20000340   0x400  <Block>
    CSTACK            uninit   0x20000340   0x400  <Block tail>
  HEAP                         0x20000740   0x200  <Block>
    HEAP              uninit   0x20000740   0x200  <Block tail>
                             - 0x20000940   0x600


*******************************************************************************
*** INIT TABLE
***

          Address     Size
          -------     ----
Zero (__iar_zero_init3)
    1 destination range, total size 0x189:
          0x200001b4  0x189

Copy/packbits (__iar_packbits_init3)
    1 source range, total size 0xfb (57% of destination):
          0x0800e418   0xfb
    1 destination range, total size 0x1b4:
          0x20000000  0x1b4



*******************************************************************************
*** MODULE SUMMARY
***

    Module                ro code  ro data  rw data
    ------                -------  -------  -------
C:\Working\GES\MPPT\F4\STM32F4xx\IAR-STM32F407ZG-SK\LCD\Flash Debug\Obj: [1]
    Terminal_9_12x6.o                3 106       24
    drv_glcd.o              2 542    1 911       57
    glcd_ll.o                 700                 4
    iar_logo.o                      34 864       28
    iar_stm32f407zg_sk.o      328      164       48
    main.o                  1 100       56       36
    misc.o                    120
    startup_stm32f4xx.o       772
    stm32f4xx_adc.o           360
    stm32f4xx_exti.o          164
    stm32f4xx_gpio.o          262
    stm32f4xx_it.o            148                 4
    stm32f4xx_pwr.o            12
    stm32f4xx_rcc.o           620        9       16
    stm32f4xx_rtc.o           864
    stm32f4xx_syscfg.o         84
    stm32f4xx_tim.o         1 280
    system_stm32f4xx.o        324        3        4
    -----------------------------------------------
    Total:                  9 680   40 113      221

command line: [2]
    -----------------------------------------------
    Total:

dl7M_tlf.a: [3]
    XShHandles.o              224               128
    abort.o                     6
    div.o                      14
    errno.o                    12                 4
    exit.o                      4
    fclose.o                  122
    fflush.o                  176
    fputc.o                    86
    fseek.o                    34
    localeconv.o              108       46       80
    low_level_init.o            4
    vsprintf.o                 44
    xassert.o                  76
    xcloseall.o                88
    xfgpos.o                   12
    xfiles.o                           128      384
    xfofind.o                 128
    xfspos.o                  214
    xfwprep.o                 182
    xgetmemchunk.o             40                 4
    xprintffull_nomb.o      3 254
    xreportassert.o           176
    xsprout.o                  10
    xsyslock_nop.o              4
    xtls.o                      2
    xxmemxfree.o              128
    xxmemxmalloc.o            176                 8
    -----------------------------------------------
    Total:                  5 324      174      608

m7M_tl.a: [4]
    DblAdd.o                  212
    DblCmpGe.o                 46
    DblCmpLe.o                 46
    DblDiv.o                  582
    DblMul.o                  418
    DblSub.o                  384
    DblToI32.o                 88
    I32ToDbl.o                 48
    xdnorm.o                   66
    xdscale.o                 268
    -----------------------------------------------
    Total:                  2 158

rt7M_tl.a: [5]
    ABImemcpy.o               118
    I64DivMod.o               238
    I64DivZer.o                 2
    cexit.o                    14
    cmain.o                    22
    cstart_closeall.o
    cstartup_M.o               12
    data_init3.o               40
    memchr.o                   88
    packbits_init3.o          166
    strchr.o                   22
    strlen.o                   54
    zero_init3.o               34
    -----------------------------------------------
    Total:                    810

shb_l.a: [6]
    close.o                    26
    dwrite.o                   30
    exit.o                     20
    iarwrite.o                 34
    iarwstdswo.o               76
    lseek.o                    76
    remove.o                   22
    write.o                    16
    -----------------------------------------------
    Total:                    300

    Gaps                       36        4
    Linker created                      44    1 536
---------------------------------------------------
    Grand Total:           18 308   40 335    2 365


*******************************************************************************
*** ENTRY LIST
***

Entry                      Address    Size  Type      Object
-----                      -------    ----  ----      ------
?main                   0x0800e1a1          Code  Gb  cmain.o [5]
ADC_Cmd                 0x0800cd91    0x1a  Code  Gb  stm32f4xx_adc.o [1]
ADC_DMACmd              0x0800ce89    0x1a  Code  Gb  stm32f4xx_adc.o [1]
ADC_IRQHandler          0x0800e319          Code  Wk  startup_stm32f4xx.o [1]
ADC_Init                0x0800cd45    0x4c  Code  Gb  stm32f4xx_adc.o [1]
ADC_RegularChannelConfig
                        0x0800cdab    0xd4  Code  Gb  stm32f4xx_adc.o [1]
ADC_SoftwareStartConv   0x0800ce7f     0xa  Code  Gb  stm32f4xx_adc.o [1]
APBAHBPrescTable        0x20000194    0x10  Data  Lc  stm32f4xx_rcc.o [1]
BUTTON_CLK              0x0800e148    0x20  Data  Gb  iar_stm32f407zg_sk.o [1]
BUTTON_EXTI_LINE        0x0800e228    0x10  Data  Gb  iar_stm32f407zg_sk.o [1]
BUTTON_IRQn             0x0800e258    0x10  Data  Gb  iar_stm32f407zg_sk.o [1]
BUTTON_PIN              0x0800e218    0x10  Data  Gb  iar_stm32f407zg_sk.o [1]
BUTTON_PIN_SOURCE       0x0800e248    0x10  Data  Gb  iar_stm32f407zg_sk.o [1]
BUTTON_PORT             0x20000110    0x20  Data  Gb  iar_stm32f407zg_sk.o [1]
BUTTON_PORT_SOURCE      0x0800e238    0x10  Data  Gb  iar_stm32f407zg_sk.o [1]
BusFault_Handler        0x0800de77     0x2  Code  Gb  stm32f4xx_it.o [1]
CAN1_RX0_IRQHandler     0x0800e321          Code  Wk  startup_stm32f4xx.o [1]
CAN1_RX1_IRQHandler     0x0800e325          Code  Wk  startup_stm32f4xx.o [1]
CAN1_SCE_IRQHandler     0x0800e329          Code  Wk  startup_stm32f4xx.o [1]
CAN1_TX_IRQHandler      0x0800e31d          Code  Wk  startup_stm32f4xx.o [1]
CAN2_RX0_IRQHandler     0x0800e3d1          Code  Wk  startup_stm32f4xx.o [1]
CAN2_RX1_IRQHandler     0x0800e3d5          Code  Wk  startup_stm32f4xx.o [1]
CAN2_SCE_IRQHandler     0x0800e3d9          Code  Wk  startup_stm32f4xx.o [1]
CAN2_TX_IRQHandler      0x0800e3cd          Code  Wk  startup_stm32f4xx.o [1]
CRYP_IRQHandler         0x0800e40d          Code  Wk  startup_stm32f4xx.o [1]
CSTACK$$Base            0x20000340           --   Gb  - Linker created -
CSTACK$$Limit           0x20000740           --   Gb  - Linker created -
CaptureNumber           0x20000324     0x4  Data  Gb  main.o [1]
CriticalSecCntr         0x2000031c     0x4  Data  Gb  main.o [1]
DCMI_IRQHandler         0x0800e409          Code  Wk  startup_stm32f4xx.o [1]
DMA1_Stream0_IRQHandler
                        0x0800e2fd          Code  Wk  startup_stm32f4xx.o [1]
DMA1_Stream1_IRQHandler
                        0x0800e301          Code  Wk  startup_stm32f4xx.o [1]
DMA1_Stream2_IRQHandler
                        0x0800e305          Code  Wk  startup_stm32f4xx.o [1]
DMA1_Stream3_IRQHandler
                        0x0800e309          Code  Wk  startup_stm32f4xx.o [1]
DMA1_Stream4_IRQHandler
                        0x0800e30d          Code  Wk  startup_stm32f4xx.o [1]
DMA1_Stream5_IRQHandler
                        0x0800e311          Code  Wk  startup_stm32f4xx.o [1]
DMA1_Stream6_IRQHandler
                        0x0800e315          Code  Wk  startup_stm32f4xx.o [1]
DMA1_Stream7_IRQHandler
                        0x0800e38d          Code  Wk  startup_stm32f4xx.o [1]
DMA2_Stream0_IRQHandler
                        0x0800e3b1          Code  Wk  startup_stm32f4xx.o [1]
DMA2_Stream1_IRQHandler
                        0x0800e3b5          Code  Wk  startup_stm32f4xx.o [1]
DMA2_Stream2_IRQHandler
                        0x0800e3b9          Code  Wk  startup_stm32f4xx.o [1]
DMA2_Stream3_IRQHandler
                        0x0800e3bd          Code  Wk  startup_stm32f4xx.o [1]
DMA2_Stream4_IRQHandler
                        0x0800e3c1          Code  Wk  startup_stm32f4xx.o [1]
DMA2_Stream5_IRQHandler
                        0x0800e3e1          Code  Wk  startup_stm32f4xx.o [1]
DMA2_Stream6_IRQHandler
                        0x0800e3e5          Code  Wk  startup_stm32f4xx.o [1]
DMA2_Stream7_IRQHandler
                        0x0800e3e9          Code  Wk  startup_stm32f4xx.o [1]
DebugMon_Handler        0x0800de7d     0x2  Code  Gb  stm32f4xx_it.o [1]
DelayResolution100us    0x0800ba99    0x12  Code  Gb  main.o [1]
ETH_IRQHandler          0x0800e3c5          Code  Wk  startup_stm32f4xx.o [1]
ETH_WKUP_IRQHandler     0x0800e3c9          Code  Wk  startup_stm32f4xx.o [1]
EXTI0_IRQHandler        0x0800e2e9          Code  Wk  startup_stm32f4xx.o [1]
EXTI15_10_IRQHandler    0x0800e371          Code  Wk  startup_stm32f4xx.o [1]
EXTI1_IRQHandler        0x0800e2ed          Code  Wk  startup_stm32f4xx.o [1]
EXTI2_IRQHandler        0x0800e2f1          Code  Wk  startup_stm32f4xx.o [1]
EXTI3_IRQHandler        0x0800e2f5          Code  Wk  startup_stm32f4xx.o [1]
EXTI4_IRQHandler        0x0800e2f9          Code  Wk  startup_stm32f4xx.o [1]
EXTI9_5_IRQHandler      0x0800e32d          Code  Wk  startup_stm32f4xx.o [1]
EXTI_ClearITPendingBit  0x0800cb35     0x6  Code  Gb  stm32f4xx_exti.o [1]
EXTI_Init               0x0800caad    0x88  Code  Gb  stm32f4xx_exti.o [1]
EntrCritSection         0x0800cbc9    0x1c  Code  Gb  main.o [1]
ExtCritSection          0x0800cbe5    0x18  Code  Gb  main.o [1]
FLASH_IRQHandler        0x0800e2e1          Code  Wk  startup_stm32f4xx.o [1]
FPU_IRQHandler          0x0800e415          Code  Wk  startup_stm32f4xx.o [1]
FSMC_IRQHandler         0x0800e391          Code  Wk  startup_stm32f4xx.o [1]
GLCD_Backlight          0x0800b799     0x8  Code  Gb  glcd_ll.o [1]
GLCD_Cmd_Iss0           0x0800d5c4   0x360  Data  Lc  drv_glcd.o [1]
GLCD_Cmd_Iss1           0x0800d924   0x360  Data  Lc  drv_glcd.o [1]
GLCD_LLInit             0x0800b7a1    0xf8  Code  Gb  glcd_ll.o [1]
GLCD_PowerUpInit        0x0800b03b   0x1b0  Code  Gb  drv_glcd.o [1]
GLCD_SPI_ChipSelect     0x0800b899    0x18  Code  Gb  glcd_ll.o [1]
GLCD_SPI_Init           0x0800b8c5    0xbe  Code  Gb  glcd_ll.o [1]
GLCD_SPI_ReceiveBlock   0x0800b9fb    0x1a  Code  Gb  glcd_ll.o [1]
GLCD_SPI_SendBlock      0x0800b9dd    0x1e  Code  Gb  glcd_ll.o [1]
GLCD_SPI_SetWordWidth   0x0800b8b1    0x14  Code  Gb  glcd_ll.o [1]
GLCD_SPI_TranserByte    0x0800b983    0x5a  Code  Gb  glcd_ll.o [1]
GLCD_SendCmd            0x0800ad91   0x2aa  Code  Gb  drv_glcd.o [1]
GLCD_SetFont            0x0800b1eb    0x14  Code  Gb  drv_glcd.o [1]
GLCD_SetReset           0x0800b781    0x18  Code  Gb  glcd_ll.o [1]
GLCD_SetWindow          0x0800b1ff    0x84  Code  Gb  drv_glcd.o [1]
GLCD_TextCalcWindow     0x0800b291    0xfc  Code  Lc  drv_glcd.o [1]
GLCD_TextSetPos         0x0800b283     0xe  Code  Gb  drv_glcd.o [1]
GLCD_print              0x0800b751    0x2e  Code  Gb  drv_glcd.o [1]
GLCD_putchar            0x0800b38d   0x35e  Code  Gb  drv_glcd.o [1]
GPIO_CLK                0x0800e208    0x10  Data  Gb  iar_stm32f407zg_sk.o [1]
GPIO_Init               0x0800becd    0xa6  Code  Gb  stm32f4xx_gpio.o [1]
GPIO_PIN                0x0800e2a0     0x8  Data  Gb  iar_stm32f407zg_sk.o [1]
GPIO_PORT               0x20000184    0x10  Data  Gb  iar_stm32f407zg_sk.o [1]
GPIO_PinAFConfig        0x0800bf81    0x52  Code  Gb  stm32f4xx_gpio.o [1]
GPIO_WriteBit           0x0800bf73     0xe  Code  Gb  stm32f4xx_gpio.o [1]
GetLSIFrequency         0x0800bb73    0xc8  Code  Gb  main.o [1]
Glcd_Iss                0x2000033c     0x1  Data  Lc  drv_glcd.o [1]
HASH_RNG_IRQHandler     0x0800e411          Code  Wk  startup_stm32f4xx.o [1]
HEAP$$Base              0x20000740           --   Gb  - Linker created -
HEAP$$Limit             0x20000940           --   Gb  - Linker created -
HardFault_Handler       0x0800de73     0x2  Code  Gb  stm32f4xx_it.o [1]
I2C1_ER_IRQHandler      0x0800e351          Code  Wk  startup_stm32f4xx.o [1]
I2C1_EV_IRQHandler      0x0800e34d          Code  Wk  startup_stm32f4xx.o [1]
I2C2_ER_IRQHandler      0x0800e359          Code  Wk  startup_stm32f4xx.o [1]
I2C2_EV_IRQHandler      0x0800e355          Code  Wk  startup_stm32f4xx.o [1]
I2C3_ER_IRQHandler      0x0800e3f5          Code  Wk  startup_stm32f4xx.o [1]
I2C3_EV_IRQHandler      0x0800e3f1          Code  Wk  startup_stm32f4xx.o [1]
IAR_Logo                0x20000150    0x1c  Data  Gb  iar_logo.o [1]
IAR_LogoStream          0x08000188  0x8820  Data  Gb  iar_logo.o [1]
LsiFreq                 0x20000320     0x4  Data  Gb  main.o [1]
MemManage_Handler       0x0800de75     0x2  Code  Gb  stm32f4xx_it.o [1]
NMI_Handler             0x0800de71     0x2  Code  Gb  stm32f4xx_it.o [1]
NVIC_Init               0x0800cb51    0x68  Code  Gb  misc.o [1]
NVIC_SetPriority        0x0800ba3d    0x26  Code  Lc  main.o [1]
OTG_FS_IRQHandler       0x0800e3dd          Code  Wk  startup_stm32f4xx.o [1]
OTG_FS_WKUP_IRQHandler  0x0800e379          Code  Wk  startup_stm32f4xx.o [1]
OTG_HS_EP1_IN_IRQHandler
                        0x0800e3fd          Code  Wk  startup_stm32f4xx.o [1]
OTG_HS_EP1_OUT_IRQHandler
                        0x0800e3f9          Code  Wk  startup_stm32f4xx.o [1]
OTG_HS_IRQHandler       0x0800e405          Code  Wk  startup_stm32f4xx.o [1]
OTG_HS_WKUP_IRQHandler  0x0800e401          Code  Wk  startup_stm32f4xx.o [1]
OddPixel                0x200002e8     0x4  Data  Lc  drv_glcd.o [1]
PVD_IRQHandler          0x0800e2d5          Code  Wk  startup_stm32f4xx.o [1]
PWR_BackupAccessCmd     0x0800c741     0x8  Code  Gb  stm32f4xx_pwr.o [1]
PendSV_Handler          0x0800de7f     0x2  Code  Gb  stm32f4xx_it.o [1]
PeriodValue             0x20000328     0x4  Data  Gb  main.o [1]
PixelHold               0x200002ec     0x4  Data  Lc  drv_glcd.o [1]
RCC_AHB1PeriphClockCmd  0x0800c0f7    0x20  Code  Gb  stm32f4xx_rcc.o [1]
RCC_AHB1PeriphResetCmd  0x0800c157    0x20  Code  Gb  stm32f4xx_rcc.o [1]
RCC_APB1PeriphClockCmd  0x0800c117    0x20  Code  Gb  stm32f4xx_rcc.o [1]
RCC_APB1PeriphResetCmd  0x0800c177    0x20  Code  Gb  stm32f4xx_rcc.o [1]
RCC_APB2PeriphClockCmd  0x0800c137    0x20  Code  Gb  stm32f4xx_rcc.o [1]
RCC_APB2PeriphResetCmd  0x0800c197    0x20  Code  Gb  stm32f4xx_rcc.o [1]
RCC_GetClocksFreq       0x0800bfdf    0xe2  Code  Gb  stm32f4xx_rcc.o [1]
RCC_GetFlagStatus       0x0800c1b7    0x44  Code  Gb  stm32f4xx_rcc.o [1]
RCC_IRQHandler          0x0800e2e5          Code  Wk  startup_stm32f4xx.o [1]
RCC_LSICmd              0x0800bfd5     0xa  Code  Gb  stm32f4xx_rcc.o [1]
RCC_RTCCLKCmd           0x0800c0ef     0x8  Code  Gb  stm32f4xx_rcc.o [1]
RCC_RTCCLKConfig        0x0800c0c1    0x2e  Code  Gb  stm32f4xx_rcc.o [1]
RTC_Alarm_IRQHandler    0x0800e375          Code  Wk  startup_stm32f4xx.o [1]
RTC_Bcd2ToByte          0x0800ca95    0x18  Code  Lc  stm32f4xx_rtc.o [1]
RTC_ClearITPendingBit   0x0800ca67    0x1e  Code  Gb  stm32f4xx_rtc.o [1]
RTC_Config              0x0800bac5    0xae  Code  Gb  main.o [1]
RTC_EnterInitMode       0x0800c7bd    0x54  Code  Gb  stm32f4xx_rtc.o [1]
RTC_ExitInitMode        0x0800c811    0x12  Code  Gb  stm32f4xx_rtc.o [1]
RTC_GetITStatus         0x0800ca29    0x3e  Code  Gb  stm32f4xx_rtc.o [1]
RTC_GetTime             0x0800c887    0x50  Code  Gb  stm32f4xx_rtc.o [1]
RTC_ITConfig            0x0800c9c9    0x56  Code  Gb  stm32f4xx_rtc.o [1]
RTC_Init                0x0800c74d    0x70  Code  Gb  stm32f4xx_rtc.o [1]
RTC_InitStructure       0x200002d4     0xc  Data  Gb  main.o [1]
RTC_SetWakeUpCounter    0x0800c90f    0x20  Code  Gb  stm32f4xx_rtc.o [1]
RTC_TimeStructure       0x2000032c     0x4  Data  Gb  main.o [1]
RTC_WKUP_IRQHandler     0x0800de89    0x26  Code  Gb  stm32f4xx_it.o [1]
RTC_WaitForSynchro      0x0800c823    0x64  Code  Gb  stm32f4xx_rtc.o [1]
RTC_WakeUpClockConfig   0x0800c8d7    0x38  Code  Gb  stm32f4xx_rtc.o [1]
RTC_WakeUpCmd           0x0800c92f    0x80  Code  Gb  stm32f4xx_rtc.o [1]
RTC_to_default_state    0x0800bc3b    0x4e  Code  Gb  main.o [1]
Region$$Table$$Base     0x0800e0fc           --   Gb  - Linker created -
Region$$Table$$Limit    0x0800e128           --   Gb  - Linker created -
Reset_Handler           0x0800e279          Code  Wk  startup_stm32f4xx.o [1]
SDIO_IRQHandler         0x0800e395          Code  Wk  startup_stm32f4xx.o [1]
SPI1_IRQHandler         0x0800e35d          Code  Wk  startup_stm32f4xx.o [1]
SPI2_IRQHandler         0x0800e361          Code  Wk  startup_stm32f4xx.o [1]
SPI3_IRQHandler         0x0800e39d          Code  Wk  startup_stm32f4xx.o [1]
STM_EVAL_LEDInit        0x0800cbfd    0x44  Code  Gb  iar_stm32f407zg_sk.o [1]
STM_EVAL_LEDToggle      0x0800cc41    0x20  Code  Gb  iar_stm32f407zg_sk.o [1]
STM_EVAL_PBInit         0x0800cc61    0xba  Code  Gb  iar_stm32f407zg_sk.o [1]
SVC_Handler             0x0800de7b     0x2  Code  Gb  stm32f4xx_it.o [1]
SYSCFG_EXTILineConfig   0x0800cf65    0x50  Code  Gb  stm32f4xx_syscfg.o [1]
SetSysClock             0x0800dccb    0xce  Code  Lc  system_stm32f4xx.o [1]
SysTick_Config          0x0800ba63    0x36  Code  Lc  main.o [1]
SysTick_Handler         0x0800de81     0x8  Code  Gb  stm32f4xx_it.o [1]
SystemCoreClock         0x200001b0     0x4  Data  Gb  system_stm32f4xx.o [1]
SystemInit              0x0800dc85    0x46  Code  Gb  system_stm32f4xx.o [1]
TAMP_STAMP_IRQHandler   0x0800e2d9          Code  Wk  startup_stm32f4xx.o [1]
TI1_Config              0x0800c645    0x38  Code  Lc  stm32f4xx_tim.o [1]
TI2_Config              0x0800c67d    0x42  Code  Lc  stm32f4xx_tim.o [1]
TI3_Config              0x0800c6bf    0x40  Code  Lc  stm32f4xx_tim.o [1]
TI4_Config              0x0800c6ff    0x42  Code  Lc  stm32f4xx_tim.o [1]
TIM1_BRK_TIM9_IRQHandler
                        0x0800e331          Code  Wk  startup_stm32f4xx.o [1]
TIM1_CC_IRQHandler      0x0800e33d          Code  Wk  startup_stm32f4xx.o [1]
TIM1_TRG_COM_TIM11_IRQHandler
                        0x0800e339          Code  Wk  startup_stm32f4xx.o [1]
TIM1_UP_TIM10_IRQHandler
                        0x0800e335          Code  Wk  startup_stm32f4xx.o [1]
TIM2_IRQHandler         0x0800e341          Code  Wk  startup_stm32f4xx.o [1]
TIM3_IRQHandler         0x0800e345          Code  Wk  startup_stm32f4xx.o [1]
TIM4_IRQHandler         0x0800e349          Code  Wk  startup_stm32f4xx.o [1]
TIM5_IRQHandler         0x0800deaf    0x46  Code  Gb  stm32f4xx_it.o [1]
TIM6_DAC_IRQHandler     0x0800e3a9          Code  Wk  startup_stm32f4xx.o [1]
TIM7_IRQHandler         0x0800e3ad          Code  Wk  startup_stm32f4xx.o [1]
TIM8_BRK_TIM12_IRQHandler
                        0x0800e37d          Code  Wk  startup_stm32f4xx.o [1]
TIM8_CC_IRQHandler      0x0800e389          Code  Wk  startup_stm32f4xx.o [1]
TIM8_TRG_COM_TIM14_IRQHandler
                        0x0800e385          Code  Wk  startup_stm32f4xx.o [1]
TIM8_UP_TIM13_IRQHandler
                        0x0800e381          Code  Wk  startup_stm32f4xx.o [1]
TIM_ARRPreloadConfig    0x0800c42d    0x1c  Code  Gb  stm32f4xx_tim.o [1]
TIM_ClearITPendingBit   0x0800c62b     0x8  Code  Gb  stm32f4xx_tim.o [1]
TIM_Cmd                 0x0800c449    0x1c  Code  Gb  stm32f4xx_tim.o [1]
TIM_DeInit              0x0800c241   0x17c  Code  Gb  stm32f4xx_tim.o [1]
TIM_GetCapture4         0x0800c595     0x4  Code  Gb  stm32f4xx_tim.o [1]
TIM_GetITStatus         0x0800c5fd    0x2e  Code  Gb  stm32f4xx_tim.o [1]
TIM_ICInit              0x0800c525    0x70  Code  Gb  stm32f4xx_tim.o [1]
TIM_ITConfig            0x0800c5e5    0x18  Code  Gb  stm32f4xx_tim.o [1]
TIM_InternalClockConfig
                        0x0800c633     0xc  Code  Gb  stm32f4xx_tim.o [1]
TIM_OC3Init             0x0800c465    0x8a  Code  Gb  stm32f4xx_tim.o [1]
TIM_PrescalerConfig     0x0800c427     0x6  Code  Gb  stm32f4xx_tim.o [1]
TIM_RemapConfig         0x0800c63f     0x6  Code  Gb  stm32f4xx_tim.o [1]
TIM_SetIC1Prescaler     0x0800c599    0x12  Code  Gb  stm32f4xx_tim.o [1]
TIM_SetIC2Prescaler     0x0800c5ab    0x14  Code  Gb  stm32f4xx_tim.o [1]
TIM_SetIC3Prescaler     0x0800c5bf    0x12  Code  Gb  stm32f4xx_tim.o [1]
TIM_SetIC4Prescaler     0x0800c5d1    0x14  Code  Gb  stm32f4xx_tim.o [1]
TIM_TimeBaseInit        0x0800c3bd    0x6a  Code  Gb  stm32f4xx_tim.o [1]
TabSize                 0x200001ac     0x4  Data  Lc  drv_glcd.o [1]
Terminal_9_12_6         0x2000016c    0x18  Data  Gb  Terminal_9_12x6.o [1]
TextBackgndColour       0x200002f8     0x4  Data  Lc  drv_glcd.o [1]
TextColour              0x200002f4     0x4  Data  Lc  drv_glcd.o [1]
TextStream              0x0800a190   0xc00  Data  Lc  Terminal_9_12x6.o [1]
TextX_Pos               0x200002fc     0x4  Data  Lc  drv_glcd.o [1]
TextY_Pos               0x20000300     0x4  Data  Lc  drv_glcd.o [1]
TimingDelay             0x20000318     0x4  Data  Lc  main.o [1]
TimingDelay_Decrement   0x0800baab    0x1a  Code  Gb  main.o [1]
UART4_IRQHandler        0x0800e3a1          Code  Wk  startup_stm32f4xx.o [1]
UART5_IRQHandler        0x0800e3a5          Code  Wk  startup_stm32f4xx.o [1]
USART1_IRQHandler       0x0800e365          Code  Wk  startup_stm32f4xx.o [1]
USART2_IRQHandler       0x0800e369          Code  Wk  startup_stm32f4xx.o [1]
USART3_IRQHandler       0x0800e36d          Code  Wk  startup_stm32f4xx.o [1]
USART6_IRQHandler       0x0800e3ed          Code  Wk  startup_stm32f4xx.o [1]
UsageFault_Handler      0x0800de79     0x2  Code  Gb  stm32f4xx_it.o [1]
WWDG_IRQHandler         0x0800e2d1          Code  Wk  startup_stm32f4xx.o [1]
Width                   0x20000314     0x4  Data  Lc  glcd_ll.o [1]
XL_Win                  0x20000304     0x4  Data  Lc  drv_glcd.o [1]
XR_Win                  0x200001a4     0x4  Data  Lc  drv_glcd.o [1]
YD_Win                  0x200001a8     0x4  Data  Lc  drv_glcd.o [1]
YU_Win                  0x20000308     0x4  Data  Lc  drv_glcd.o [1]
_Close_all              0x0800e031    0x58  Code  Gb  xcloseall.o [3]
_Files                  0x20000130    0x20  Data  Gb  xfiles.o [3]
_Fofree                 0x0800df05    0x7a  Code  Gb  xfofind.o [3]
_Fspos                  0x0800d339    0xd6  Code  Gb  xfspos.o [3]
_Fwprep                 0x0800d0d9    0xb6  Code  Gb  xfwprep.o [3]
_GenldFullNoMb          0x080093c9   0x24e  Code  Lc  xprintffull_nomb.o [3]
_LdtobFullNoMb          0x08008fc9   0x3fa  Code  Lc  xprintffull_nomb.o [3]
_LitobFullNoMb          0x08008eb3   0x10e  Code  Lc  xprintffull_nomb.o [3]
_Locale_lconv           0x20000000    0x50  Data  Gb  localeconv.o [3]
_Nnl                    0x0800d47f     0xc  Code  Gb  xfgpos.o [3]
_PrintfFullNoMb         0x080089a9   0x504  Code  Gb  xprintffull_nomb.o [3]
_PutcharsFullNoMb       0x08009617    0x2e  Code  Lc  xprintffull_nomb.o [3]
_SProut                 0x08009697     0xa  Code  Gb  xsprout.o [3]
__aeabi_assert          0x0800be57    0x4a  Code  Gb  xassert.o [3]
__aeabi_cdcmple         0x080098d9          Code  Gb  DblCmpLe.o [4]
__aeabi_cdrcmple        0x08009909          Code  Gb  DblCmpGe.o [4]
__aeabi_d2iz            0x08009a45          Code  Gb  DblToI32.o [4]
__aeabi_d2uiz           0x08009a71          Code  Gb  DblToI32.o [4]
__aeabi_ddiv            0x08009df1          Code  Gb  DblDiv.o [4]
__aeabi_dmul            0x08009c4d          Code  Gb  DblMul.o [4]
__aeabi_dsub            0x08009acd          Code  Gb  DblSub.o [4]
__aeabi_errno_addr      0x0800d4d9     0x6  Code  Gb  errno.o [3]
__aeabi_i2d             0x08009a9d          Code  Gb  I32ToDbl.o [4]
__aeabi_ldiv0           0x0800a0b5          Code  Gb  I64DivZer.o [5]
__aeabi_memcpy          0x08009821          Code  Gb  ABImemcpy.o [5]
__aeabi_memcpy4         0x08009841          Code  Gb  ABImemcpy.o [5]
__aeabi_memcpy8         0x08009841          Code  Gb  ABImemcpy.o [5]
__aeabi_ui2d            0x08009ab1          Code  Gb  I32ToDbl.o [4]
__aeabi_uldivmod        0x08009731          Code  Gb  I64DivMod.o [5]
__cexit_closeall        0x0800e1c3          Code  Gb  cexit.o [5]
__close                 0x0800dfff    0x1a  Code  Gb  close.o [6]
__cmain                 0x0800e1a1          Code  Gb  cmain.o [5]
__cstart_closeall       0x0800e418          Data  Gb  cstart_closeall.o [5]
__data_Aldata           0x200002e0     0x8  Data  Gb  xxmemxmalloc.o [3]
__data_GetMemChunk      0x0800d311    0x28  Code  Gb  xgetmemchunk.o [3]
__dwrite                0x0800d273    0x1e  Code  Gb  dwrite.o [6]
__exit                  0x0800d0c1    0x14  Code  Gb  exit.o [6]
__iar_Dnorm             0x08009897    0x42  Code  Gb  xdnorm.o [4]
__iar_Dscale            0x08009939   0x10c  Code  Gb  xdscale.o [4]
__iar_EmptyStepPoint    0x0800be55     0x2  Code  Gb  xassert.o [3]
__iar_Errno             0x20000338     0x4  Data  Gb  errno.o [3]
__iar_Locale_lconv_init
                        0x0800a039    0x3a  Code  Gb  localeconv.o [3]
__iar_Lockfilelock      0x0800d0d5     0x2  Code  Gb  xsyslock_nop.o [3]
__iar_Memchr            0x080096d9          Code  Gb  memchr.o [5]
__iar_ReportAssert      0x0800cecd    0x56  Code  Gb  xreportassert.o [3]
__iar_Stderr            0x200000d0    0x40  Data  Gb  xfiles.o [3]
__iar_Stdin             0x20000050    0x40  Data  Gb  xfiles.o [3]
__iar_Stdout            0x20000090    0x40  Data  Gb  xfiles.o [3]
__iar_Strchr            0x08009681          Code  Gb  strchr.o [5]
__iar_Unlockfilelock    0x0800d0d7     0x2  Code  Gb  xsyslock_nop.o [3]
__iar_d2uiz             0x08009a7d          Code  Gb  DblToI32.o [4]
__iar_dadd              0x0800a0b9          Code  Gb  DblAdd.o [4]
__iar_data_init3        0x0800e0d5    0x28  Code  Gb  data_init3.o [5]
__iar_dlib_perthread_access
                        0x0800a18d     0x2  Code  Gb  xtls.o [3]
__iar_dsub              0x08009ae1          Code  Gb  DblSub.o [4]
__iar_dsubStart         0x08009af3          Code  Gb  DblSub.o [4]
__iar_packbits_init3    0x0800ddc9    0xa6  Code  Gb  packbits_init3.o [5]
__iar_program_start     0x0800e295          Code  Gb  cstartup_M.o [5]
__iar_sh_Discard        0x0800d4e5    0x48  Code  Gb  XShHandles.o [3]
__iar_sh_Move           0x0800d52d    0x4c  Code  Gb  XShHandles.o [3]
__iar_sh_Pos            0x0800d579    0x44  Code  Gb  XShHandles.o [3]
__iar_sh_stdout_swo     0x0800d411    0x4c  Code  Gb  iarwstdswo.o [6]
__iar_sh_write          0x0800d45d    0x22  Code  Gb  iarwrite.o [6]
__iar_ui2d              0x08009ab5          Code  Gb  I32ToDbl.o [4]
__iar_zero_init3        0x0800965f    0x22  Code  Gb  zero_init3.o [5]
__low_level_init        0x0800e1b7     0x4  Code  Gb  low_level_init.o [3]
__lseek                 0x0800d48b    0x4c  Code  Gb  lseek.o [6]
__vector_table          0x08000000          Data  Gb  startup_stm32f4xx.o [1]
__write                 0x0800d18f    0x10  Code  Gb  write.o [6]
_call_main              0x0800e1ad          Code  Gb  cmain.o [5]
_exit                   0x0800e1c1          Code  Gb  cexit.o [5]
_main                   0x0800e1b3          Code  Gb  cmain.o [5]
abort                   0x0800cf5d     0x6  Code  Gb  abort.o [3]
div                     0x0800a0a5     0xe  Code  Gb  div.o [3]
ebuf                    0x20000234    0x50  Data  Lc  xfiles.o [3]
exit                    0x0800e1bb     0x4  Code  Gb  exit.o [3]
fclose                  0x0800df85    0x7a  Code  Gb  fclose.o [3]
fflush                  0x0800d087    0x34  Code  Gb  fflush.o [3]
fflushOne               0x0800d011    0x76  Code  Lc  fflush.o [3]
fputc                   0x0800cfb9    0x56  Code  Gb  fputc.o [3]
free                    0x0800d291    0x7a  Code  Gb  xxmemxfree.o [3]
fseek                   0x0800d251    0x22  Code  Gb  fseek.o [3]
localeconv              0x0800a073    0x16  Code  Gb  localeconv.o [3]
main                    0x0800bc89   0x16c  Code  Gb  main.o [1]
malloc                  0x0800d1a1    0xac  Code  Gb  xxmemxmalloc.o [3]
memchr                  0x080096d9          Code  Gb  memchr.o [5]
obuf                    0x20000284    0x50  Data  Lc  xfiles.o [3]
out                     0x0800cead    0x1a  Code  Lc  xreportassert.o [3]
pCurrFont               0x200002f0     0x4  Data  Lc  drv_glcd.o [1]
remove                  0x0800e019    0x16  Code  Gb  remove.o [6]
sFileInfo               0x200001b4    0x80  Data  Lc  XShHandles.o [3]
strchr                  0x08009681          Code  Gb  strchr.o [5]
strlen                  0x080096a1          Code  Gb  strlen.o [5]
tmpCC4                  0x20000330     0x4  Data  Gb  stm32f4xx_it.o [1]
vsprintf                0x0800bea1    0x2c  Code  Gb  vsprintf.o [3]


[1] = C:\Working\GES\MPPT\F4\STM32F4xx\IAR-STM32F407ZG-SK\LCD\Flash Debug\Obj
[2] = command line
[3] = dl7M_tlf.a
[4] = m7M_tl.a
[5] = rt7M_tl.a
[6] = shb_l.a

  18 308 bytes of readonly  code memory
  40 335 bytes of readonly  data memory
   2 365 bytes of readwrite data memory

Errors: none
Warnings: none
