###############################################################################
#                                                                             #
# IAR ELF Linker V6.40.2.53884/W32 for ARM              19/Feb/2013  11:01:21 #
# Copyright 2007-2012 IAR Systems AB.                                         #
#                                                                             #
#    Output file  =  C:\Working\GES\MPPT\F4\STM32F4xx\IAR-STM32F407ZG-SK\LCD\ #
#                    Flash Debug\Exe\LCD.out                                  #
#    Map file     =  C:\Working\GES\MPPT\F4\STM32F4xx\IAR-STM32F407ZG-SK\LCD\ #
#                    Flash Debug\List\LCD.map                                 #
#    Command line =  "C:\Working\GES\MPPT\F4\STM32F4xx\IAR-STM32F407ZG-SK\LCD #
#                    \Flash Debug\Obj\Terminal_18_24x12.o"                    #
#                    "C:\Working\GES\MPPT\F4\STM32F4xx\IAR-STM32F407ZG-SK\LCD #
#                    \Flash Debug\Obj\Terminal_6_8x6.o"                       #
#                    "C:\Working\GES\MPPT\F4\STM32F4xx\IAR-STM32F407ZG-SK\LCD #
#                    \Flash Debug\Obj\Terminal_9_12x6.o"                      #
#                    "C:\Working\GES\MPPT\F4\STM32F4xx\IAR-STM32F407ZG-SK\LCD #
#                    \Flash Debug\Obj\drv_glcd.o"                             #
#                    "C:\Working\GES\MPPT\F4\STM32F4xx\IAR-STM32F407ZG-SK\LCD #
#                    \Flash Debug\Obj\glcd_ll.o"                              #
#                    "C:\Working\GES\MPPT\F4\STM32F4xx\IAR-STM32F407ZG-SK\LCD #
#                    \Flash Debug\Obj\iar_logo.o"                             #
#                    "C:\Working\GES\MPPT\F4\STM32F4xx\IAR-STM32F407ZG-SK\LCD #
#                    \Flash Debug\Obj\iar_stm32f407zg_sk.o"                   #
#                    "C:\Working\GES\MPPT\F4\STM32F4xx\IAR-STM32F407ZG-SK\LCD #
#                    \Flash Debug\Obj\main.o" "C:\Working\GES\MPPT\F4\STM32F4 #
#                    xx\IAR-STM32F407ZG-SK\LCD\Flash Debug\Obj\misc.o"        #
#                    "C:\Working\GES\MPPT\F4\STM32F4xx\IAR-STM32F407ZG-SK\LCD #
#                    \Flash Debug\Obj\startup_stm32f4xx.o"                    #
#                    "C:\Working\GES\MPPT\F4\STM32F4xx\IAR-STM32F407ZG-SK\LCD #
#                    \Flash Debug\Obj\stm32f4xx_adc.o"                        #
#                    "C:\Working\GES\MPPT\F4\STM32F4xx\IAR-STM32F407ZG-SK\LCD #
#                    \Flash Debug\Obj\stm32f4xx_can.o"                        #
#                    "C:\Working\GES\MPPT\F4\STM32F4xx\IAR-STM32F407ZG-SK\LCD #
#                    \Flash Debug\Obj\stm32f4xx_crc.o"                        #
#                    "C:\Working\GES\MPPT\F4\STM32F4xx\IAR-STM32F407ZG-SK\LCD #
#                    \Flash Debug\Obj\stm32f4xx_cryp.o"                       #
#                    "C:\Working\GES\MPPT\F4\STM32F4xx\IAR-STM32F407ZG-SK\LCD #
#                    \Flash Debug\Obj\stm32f4xx_cryp_aes.o"                   #
#                    "C:\Working\GES\MPPT\F4\STM32F4xx\IAR-STM32F407ZG-SK\LCD #
#                    \Flash Debug\Obj\stm32f4xx_cryp_des.o"                   #
#                    "C:\Working\GES\MPPT\F4\STM32F4xx\IAR-STM32F407ZG-SK\LCD #
#                    \Flash Debug\Obj\stm32f4xx_cryp_tdes.o"                  #
#                    "C:\Working\GES\MPPT\F4\STM32F4xx\IAR-STM32F407ZG-SK\LCD #
#                    \Flash Debug\Obj\stm32f4xx_dac.o"                        #
#                    "C:\Working\GES\MPPT\F4\STM32F4xx\IAR-STM32F407ZG-SK\LCD #
#                    \Flash Debug\Obj\stm32f4xx_dbgmcu.o"                     #
#                    "C:\Working\GES\MPPT\F4\STM32F4xx\IAR-STM32F407ZG-SK\LCD #
#                    \Flash Debug\Obj\stm32f4xx_dcmi.o"                       #
#                    "C:\Working\GES\MPPT\F4\STM32F4xx\IAR-STM32F407ZG-SK\LCD #
#                    \Flash Debug\Obj\stm32f4xx_dma.o"                        #
#                    "C:\Working\GES\MPPT\F4\STM32F4xx\IAR-STM32F407ZG-SK\LCD #
#                    \Flash Debug\Obj\stm32f4xx_exti.o"                       #
#                    "C:\Working\GES\MPPT\F4\STM32F4xx\IAR-STM32F407ZG-SK\LCD #
#                    \Flash Debug\Obj\stm32f4xx_flash.o"                      #
#                    "C:\Working\GES\MPPT\F4\STM32F4xx\IAR-STM32F407ZG-SK\LCD #
#                    \Flash Debug\Obj\stm32f4xx_fsmc.o"                       #
#                    "C:\Working\GES\MPPT\F4\STM32F4xx\IAR-STM32F407ZG-SK\LCD #
#                    \Flash Debug\Obj\stm32f4xx_gpio.o"                       #
#                    "C:\Working\GES\MPPT\F4\STM32F4xx\IAR-STM32F407ZG-SK\LCD #
#                    \Flash Debug\Obj\stm32f4xx_hash.o"                       #
#                    "C:\Working\GES\MPPT\F4\STM32F4xx\IAR-STM32F407ZG-SK\LCD #
#                    \Flash Debug\Obj\stm32f4xx_hash_md5.o"                   #
#                    "C:\Working\GES\MPPT\F4\STM32F4xx\IAR-STM32F407ZG-SK\LCD #
#                    \Flash Debug\Obj\stm32f4xx_hash_sha1.o"                  #
#                    "C:\Working\GES\MPPT\F4\STM32F4xx\IAR-STM32F407ZG-SK\LCD #
#                    \Flash Debug\Obj\stm32f4xx_i2c.o"                        #
#                    "C:\Working\GES\MPPT\F4\STM32F4xx\IAR-STM32F407ZG-SK\LCD #
#                    \Flash Debug\Obj\stm32f4xx_it.o"                         #
#                    "C:\Working\GES\MPPT\F4\STM32F4xx\IAR-STM32F407ZG-SK\LCD #
#                    \Flash Debug\Obj\stm32f4xx_iwdg.o"                       #
#                    "C:\Working\GES\MPPT\F4\STM32F4xx\IAR-STM32F407ZG-SK\LCD #
#                    \Flash Debug\Obj\stm32f4xx_pwr.o"                        #
#                    "C:\Working\GES\MPPT\F4\STM32F4xx\IAR-STM32F407ZG-SK\LCD #
#                    \Flash Debug\Obj\stm32f4xx_rcc.o"                        #
#                    "C:\Working\GES\MPPT\F4\STM32F4xx\IAR-STM32F407ZG-SK\LCD #
#                    \Flash Debug\Obj\stm32f4xx_rng.o"                        #
#                    "C:\Working\GES\MPPT\F4\STM32F4xx\IAR-STM32F407ZG-SK\LCD #
#                    \Flash Debug\Obj\stm32f4xx_rtc.o"                        #
#                    "C:\Working\GES\MPPT\F4\STM32F4xx\IAR-STM32F407ZG-SK\LCD #
#                    \Flash Debug\Obj\stm32f4xx_sdio.o"                       #
#                    "C:\Working\GES\MPPT\F4\STM32F4xx\IAR-STM32F407ZG-SK\LCD #
#                    \Flash Debug\Obj\stm32f4xx_spi.o"                        #
#                    "C:\Working\GES\MPPT\F4\STM32F4xx\IAR-STM32F407ZG-SK\LCD #
#                    \Flash Debug\Obj\stm32f4xx_syscfg.o"                     #
#                    "C:\Working\GES\MPPT\F4\STM32F4xx\IAR-STM32F407ZG-SK\LCD #
#                    \Flash Debug\Obj\stm32f4xx_tim.o"                        #
#                    "C:\Working\GES\MPPT\F4\STM32F4xx\IAR-STM32F407ZG-SK\LCD #
#                    \Flash Debug\Obj\stm32f4xx_usart.o"                      #
#                    "C:\Working\GES\MPPT\F4\STM32F4xx\IAR-STM32F407ZG-SK\LCD #
#                    \Flash Debug\Obj\stm32f4xx_wwdg.o"                       #
#                    "C:\Working\GES\MPPT\F4\STM32F4xx\IAR-STM32F407ZG-SK\LCD #
#                    \Flash Debug\Obj\system_stm32f4xx.o" -o                  #
#                    "C:\Working\GES\MPPT\F4\STM32F4xx\IAR-STM32F407ZG-SK\LCD #
#                    \Flash Debug\Exe\LCD.out" --map                          #
#                    "C:\Working\GES\MPPT\F4\STM32F4xx\IAR-STM32F407ZG-SK\LCD #
#                    \Flash Debug\List\LCD.map" --config                      #
#                    C:\Working\GES\MPPT\F4\STM32F4xx\IAR-STM32F407ZG-SK\LCD\ #
#                    config\stm32f4xx_flash.icf --semihosting --entry         #
#                    __iar_program_start --redirect                           #
#                    __iar_sh_stdout=__iar_sh_stdout_swo --vfe                #
#                                                                             #
#                                                                             #
###############################################################################

*******************************************************************************
*** RUNTIME MODEL ATTRIBUTES
***

CppFlavor       = *
__Heap_Handler  = Basic
__SystemLibrary = DLib


*******************************************************************************
*** PLACEMENT SUMMARY
***

"A1":  place at 0x08000000 { ro section .intvec };
"P1":  place in [from 0x08000000 to 0x080fffff] { ro };
"P2":  place in [from 0x20000000 to 0x2001ffff] { rw, block CSTACK, block HEAP };

  Section             Kind        Address    Size  Object
  -------             ----        -------    ----  ------
"A1":                                       0x188
  .intvec             ro code  0x08000000   0x188  startup_stm32f4xx.o [1]
                             - 0x08000188   0x188

"P1":                                      0xd970
  .rodata             const    0x08000188  0x8820  iar_logo.o [1]
  .text               ro code  0x080089a8   0xcb6  xprintffull_nomb.o [3]
  .text               ro code  0x0800965e    0x22  zero_init3.o [5]
  .text               ro code  0x08009680    0x16  strchr.o [5]
  .text               ro code  0x08009696     0xa  xsprout.o [3]
  .text               ro code  0x080096a0    0x36  strlen.o [5]
  .text               ro code  0x080096d8    0x58  memchr.o [5]
  .text               ro code  0x08009730    0xee  I64DivMod.o [5]
  .text               ro code  0x08009820    0x76  ABImemcpy.o [5]
  .text               ro code  0x08009896    0x42  xdnorm.o [4]
  .text               ro code  0x080098d8    0x2e  DblCmpLe.o [4]
  .text               ro code  0x08009908    0x2e  DblCmpGe.o [4]
  .text               ro code  0x08009938   0x10c  xdscale.o [4]
  .text               ro code  0x08009a44    0x58  DblToI32.o [4]
  .text               ro code  0x08009a9c    0x30  I32ToDbl.o [4]
  .text               ro code  0x08009acc   0x180  DblSub.o [4]
  .text               ro code  0x08009c4c   0x1a2  DblMul.o [4]
  .text               ro code  0x08009df0   0x246  DblDiv.o [4]
  .text               ro code  0x0800a038    0x6c  localeconv.o [3]
  .text               ro code  0x0800a0a4     0xe  div.o [3]
  .text               ro code  0x0800a0b4     0x2  I64DivZer.o [5]
  .text               ro code  0x0800a0b8    0xd4  DblAdd.o [4]
  .text               ro code  0x0800a18c     0x2  xtls.o [3]
  .rodata             const    0x0800a190   0xc00  Terminal_9_12x6.o [1]
  .text               ro code  0x0800ad90   0x9ee  drv_glcd.o [1]
  .text               ro code  0x0800b780   0x2bc  glcd_ll.o [1]
  .text               ro code  0x0800ba3c   0x2e0  main.o [1]
  .text               ro code  0x0800bd1c    0x4c  xassert.o [3]
  .text               ro code  0x0800bd68    0x2c  vsprintf.o [3]
  .text               ro code  0x0800bd94   0x11c  stm32f4xx_gpio.o [1]
  .text               ro code  0x0800beb0    0xb4  stm32f4xx_rcc.o [1]
  .text               ro code  0x0800bf64   0x154  stm32f4xx_tim.o [1]
  .text               ro code  0x0800c0b8    0x1c  main.o [1]
  .text               ro code  0x0800c0d4    0x18  main.o [1]
  .text               ro code  0x0800c0ec   0x168  iar_stm32f407zg_sk.o [1]
  .text               ro code  0x0800c254   0x16c  stm32f4xx_adc.o [1]
  .text               ro code  0x0800c3c0    0xb0  xreportassert.o [3]
  .text               ro code  0x0800c470     0x6  abort.o [3]
  .text               ro code  0x0800c478    0x54  stm32f4xx_syscfg.o [1]
  .text               ro code  0x0800c4cc    0x98  stm32f4xx_exti.o [1]
  .text               ro code  0x0800c564    0x78  misc.o [1]
  .text               ro code  0x0800c5dc    0x56  fputc.o [3]
  .text               ro code  0x0800c634    0xb0  fflush.o [3]
  .text               ro code  0x0800c6e4    0x14  exit.o [6]
  .text               ro code  0x0800c6f8     0x4  xsyslock_nop.o [3]
  .text               ro code  0x0800c6fc    0xb6  xfwprep.o [3]
  .text               ro code  0x0800c7b2    0x10  write.o [6]
  .text               ro code  0x0800c7c4    0xb0  xxmemxmalloc.o [3]
  .text               ro code  0x0800c874    0x22  fseek.o [3]
  .text               ro code  0x0800c896    0x1e  dwrite.o [6]
  .text               ro code  0x0800c8b4    0x80  xxmemxfree.o [3]
  .text               ro code  0x0800c934    0x28  xgetmemchunk.o [3]
  .text               ro code  0x0800c95c    0xd6  xfspos.o [3]
  .text               ro code  0x0800ca34    0x4c  iarwstdswo.o [6]
  .text               ro code  0x0800ca80    0x22  iarwrite.o [6]
  .text               ro code  0x0800caa2     0xc  xfgpos.o [3]
  .text               ro code  0x0800caae    0x4c  lseek.o [6]
  .text               ro code  0x0800cafc     0xc  errno.o [3]
  .text               ro code  0x0800cb08    0xe0  XShHandles.o [3]
  .rodata             const    0x0800cbe8   0x360  drv_glcd.o [1]
  .rodata             const    0x0800cf48   0x360  drv_glcd.o [1]
  .text               ro code  0x0800d2a8   0x144  system_stm32f4xx.o [1]
  .text               ro code  0x0800d3ec    0xa6  packbits_init3.o [5]
  .text               ro code  0x0800d494    0x80  xfofind.o [3]
  .text               ro code  0x0800d514    0x7a  fclose.o [3]
  .text               ro code  0x0800d58e    0x1a  close.o [6]
  .text               ro code  0x0800d5a8    0x16  remove.o [6]
  .rodata             const    0x0800d5c0    0x60  main.o [1]
  .text               ro code  0x0800d620    0x58  xcloseall.o [3]
  .rodata             const    0x0800d678    0x4c  drv_glcd.o [1]
  .text               ro code  0x0800d6c4    0x28  data_init3.o [5]
  .iar.init_table     const    0x0800d6ec    0x2c  - Linker created -
  .rodata             const    0x0800d718    0x20  drv_glcd.o [1]
  .rodata             const    0x0800d738    0x20  iar_stm32f407zg_sk.o [1]
  .rodata             const    0x0800d758    0x1c  drv_glcd.o [1]
  .text               ro code  0x0800d774    0x18  stm32f4xx_it.o [1]
  .text               ro code  0x0800d78c    0x16  cmain.o [5]
  .text               ro code  0x0800d7a2     0x4  low_level_init.o [3]
  .text               ro code  0x0800d7a6     0x4  exit.o [3]
  .text               ro code  0x0800d7ac     0xe  cexit.o [5]
  .rodata             const    0x0800d7bc    0x14  Terminal_9_12x6.o [1]
  .rodata             const    0x0800d7d0    0x14  drv_glcd.o [1]
  .rodata             const    0x0800d7e4    0x14  main.o [1]
  .rodata             const    0x0800d7f8    0x10  drv_glcd.o [1]
  .rodata             const    0x0800d808    0x10  iar_stm32f407zg_sk.o [1]
  .rodata             const    0x0800d818    0x10  iar_stm32f407zg_sk.o [1]
  .rodata             const    0x0800d828    0x10  iar_stm32f407zg_sk.o [1]
  .rodata             const    0x0800d838    0x10  iar_stm32f407zg_sk.o [1]
  .rodata             const    0x0800d848    0x10  iar_stm32f407zg_sk.o [1]
  .rodata             const    0x0800d858    0x10  iar_stm32f407zg_sk.o [1]
  .rodata             const    0x0800d868    0x10  main.o [1]
  .text               ro code  0x0800d878    0x10  startup_stm32f4xx.o [1]
  .text               ro code  0x0800d888     0xc  cstartup_M.o [5]
  .rodata             const    0x0800d894     0x8  iar_stm32f407zg_sk.o [1]
  .rodata             const    0x0800d89c     0x4  drv_glcd.o [1]
  .text               ro code  0x0800d8a0     0x4  startup_stm32f4xx.o [1]
  .text               ro code  0x0800d8a4     0x4  startup_stm32f4xx.o [1]
  .text               ro code  0x0800d8a8     0x4  startup_stm32f4xx.o [1]
  .text               ro code  0x0800d8ac     0x4  startup_stm32f4xx.o [1]
  .text               ro code  0x0800d8b0     0x4  startup_stm32f4xx.o [1]
  .text               ro code  0x0800d8b4     0x4  startup_stm32f4xx.o [1]
  .text               ro code  0x0800d8b8     0x4  startup_stm32f4xx.o [1]
  .text               ro code  0x0800d8bc     0x4  startup_stm32f4xx.o [1]
  .text               ro code  0x0800d8c0     0x4  startup_stm32f4xx.o [1]
  .text               ro code  0x0800d8c4     0x4  startup_stm32f4xx.o [1]
  .text               ro code  0x0800d8c8     0x4  startup_stm32f4xx.o [1]
  .text               ro code  0x0800d8cc     0x4  startup_stm32f4xx.o [1]
  .text               ro code  0x0800d8d0     0x4  startup_stm32f4xx.o [1]
  .text               ro code  0x0800d8d4     0x4  startup_stm32f4xx.o [1]
  .text               ro code  0x0800d8d8     0x4  startup_stm32f4xx.o [1]
  .text               ro code  0x0800d8dc     0x4  startup_stm32f4xx.o [1]
  .text               ro code  0x0800d8e0     0x4  startup_stm32f4xx.o [1]
  .text               ro code  0x0800d8e4     0x4  startup_stm32f4xx.o [1]
  .text               ro code  0x0800d8e8     0x4  startup_stm32f4xx.o [1]
  .text               ro code  0x0800d8ec     0x4  startup_stm32f4xx.o [1]
  .text               ro code  0x0800d8f0     0x4  startup_stm32f4xx.o [1]
  .text               ro code  0x0800d8f4     0x4  startup_stm32f4xx.o [1]
  .text               ro code  0x0800d8f8     0x4  startup_stm32f4xx.o [1]
  .text               ro code  0x0800d8fc     0x4  startup_stm32f4xx.o [1]
  .text               ro code  0x0800d900     0x4  startup_stm32f4xx.o [1]
  .text               ro code  0x0800d904     0x4  startup_stm32f4xx.o [1]
  .text               ro code  0x0800d908     0x4  startup_stm32f4xx.o [1]
  .text               ro code  0x0800d90c     0x4  startup_stm32f4xx.o [1]
  .text               ro code  0x0800d910     0x4  startup_stm32f4xx.o [1]
  .text               ro code  0x0800d914     0x4  startup_stm32f4xx.o [1]
  .text               ro code  0x0800d918     0x4  startup_stm32f4xx.o [1]
  .text               ro code  0x0800d91c     0x4  startup_stm32f4xx.o [1]
  .text               ro code  0x0800d920     0x4  startup_stm32f4xx.o [1]
  .text               ro code  0x0800d924     0x4  startup_stm32f4xx.o [1]
  .text               ro code  0x0800d928     0x4  startup_stm32f4xx.o [1]
  .text               ro code  0x0800d92c     0x4  startup_stm32f4xx.o [1]
  .text               ro code  0x0800d930     0x4  startup_stm32f4xx.o [1]
  .text               ro code  0x0800d934     0x4  startup_stm32f4xx.o [1]
  .text               ro code  0x0800d938     0x4  startup_stm32f4xx.o [1]
  .text               ro code  0x0800d93c     0x4  startup_stm32f4xx.o [1]
  .text               ro code  0x0800d940     0x4  startup_stm32f4xx.o [1]
  .text               ro code  0x0800d944     0x4  startup_stm32f4xx.o [1]
  .text               ro code  0x0800d948     0x4  startup_stm32f4xx.o [1]
  .text               ro code  0x0800d94c     0x4  startup_stm32f4xx.o [1]
  .text               ro code  0x0800d950     0x4  startup_stm32f4xx.o [1]
  .text               ro code  0x0800d954     0x4  startup_stm32f4xx.o [1]
  .text               ro code  0x0800d958     0x4  startup_stm32f4xx.o [1]
  .text               ro code  0x0800d95c     0x4  startup_stm32f4xx.o [1]
  .text               ro code  0x0800d960     0x4  startup_stm32f4xx.o [1]
  .text               ro code  0x0800d964     0x4  startup_stm32f4xx.o [1]
  .text               ro code  0x0800d968     0x4  startup_stm32f4xx.o [1]
  .text               ro code  0x0800d96c     0x4  startup_stm32f4xx.o [1]
  .text               ro code  0x0800d970     0x4  startup_stm32f4xx.o [1]
  .text               ro code  0x0800d974     0x4  startup_stm32f4xx.o [1]
  .text               ro code  0x0800d978     0x4  startup_stm32f4xx.o [1]
  .text               ro code  0x0800d97c     0x4  startup_stm32f4xx.o [1]
  .text               ro code  0x0800d980     0x4  startup_stm32f4xx.o [1]
  .text               ro code  0x0800d984     0x4  startup_stm32f4xx.o [1]
  .text               ro code  0x0800d988     0x4  startup_stm32f4xx.o [1]
  .text               ro code  0x0800d98c     0x4  startup_stm32f4xx.o [1]
  .text               ro code  0x0800d990     0x4  startup_stm32f4xx.o [1]
  .text               ro code  0x0800d994     0x4  startup_stm32f4xx.o [1]
  .text               ro code  0x0800d998     0x4  startup_stm32f4xx.o [1]
  .text               ro code  0x0800d99c     0x4  startup_stm32f4xx.o [1]
  .text               ro code  0x0800d9a0     0x4  startup_stm32f4xx.o [1]
  .text               ro code  0x0800d9a4     0x4  startup_stm32f4xx.o [1]
  .text               ro code  0x0800d9a8     0x4  startup_stm32f4xx.o [1]
  .text               ro code  0x0800d9ac     0x4  startup_stm32f4xx.o [1]
  .text               ro code  0x0800d9b0     0x4  startup_stm32f4xx.o [1]
  .text               ro code  0x0800d9b4     0x4  startup_stm32f4xx.o [1]
  .text               ro code  0x0800d9b8     0x4  startup_stm32f4xx.o [1]
  .text               ro code  0x0800d9bc     0x4  startup_stm32f4xx.o [1]
  .text               ro code  0x0800d9c0     0x4  startup_stm32f4xx.o [1]
  .text               ro code  0x0800d9c4     0x4  startup_stm32f4xx.o [1]
  .text               ro code  0x0800d9c8     0x4  startup_stm32f4xx.o [1]
  .text               ro code  0x0800d9cc     0x4  startup_stm32f4xx.o [1]
  .text               ro code  0x0800d9d0     0x4  startup_stm32f4xx.o [1]
  .text               ro code  0x0800d9d4     0x4  startup_stm32f4xx.o [1]
  .text               ro code  0x0800d9d8     0x4  startup_stm32f4xx.o [1]
  .text               ro code  0x0800d9dc     0x4  startup_stm32f4xx.o [1]
  .text               ro code  0x0800d9e0     0x4  startup_stm32f4xx.o [1]
  .text               ro code  0x0800d9e4     0x4  startup_stm32f4xx.o [1]
  .text               ro code  0x0800d9e8     0x4  startup_stm32f4xx.o [1]
  .text               ro code  0x0800d9ec     0x4  startup_stm32f4xx.o [1]
  .text               ro code  0x0800d9f0     0x4  startup_stm32f4xx.o [1]
  .text               ro code  0x0800d9f4     0x4  startup_stm32f4xx.o [1]
  .text               ro code  0x0800d9f8     0x4  startup_stm32f4xx.o [1]
  .text               ro code  0x0800d9fc     0x4  startup_stm32f4xx.o [1]
  .text               ro code  0x0800da00     0x4  startup_stm32f4xx.o [1]
  .text               ro code  0x0800da04     0x4  startup_stm32f4xx.o [1]
  .text               ro code  0x0800da08     0x4  startup_stm32f4xx.o [1]
  .text               ro code  0x0800da0c     0x0  cstart_closeall.o [5]
  .rodata             const    0x0800da0c     0x0  zero_init3.o [5]
  .rodata             const    0x0800da0c     0x0  packbits_init3.o [5]
  Initializer bytes   ro data  0x0800da0c    0xec  <for P2 s0>
                             - 0x0800daf8  0xd970

"P2", part 1 of 3:                          0x1a4
  P2 s0                        0x20000000   0x1a4  <Init block>
    __DLIB_PERTHREAD  inited   0x20000000    0x50  localeconv.o [3]
    .data             inited   0x20000050    0x40  xfiles.o [3]
    .data             inited   0x20000090    0x40  xfiles.o [3]
    .data             inited   0x200000d0    0x40  xfiles.o [3]
    .data             inited   0x20000110    0x20  iar_stm32f407zg_sk.o [1]
    .data             inited   0x20000130    0x20  xfiles.o [3]
    .data             inited   0x20000150    0x1c  iar_logo.o [1]
    .data             inited   0x2000016c    0x18  Terminal_9_12x6.o [1]
    .data             inited   0x20000184    0x10  iar_stm32f407zg_sk.o [1]
    .data             inited   0x20000194     0x4  drv_glcd.o [1]
    .data             inited   0x20000198     0x4  drv_glcd.o [1]
    .data             inited   0x2000019c     0x4  drv_glcd.o [1]
    .data             inited   0x200001a0     0x4  system_stm32f4xx.o [1]
                             - 0x200001a4   0x1a4

"P2", part 2 of 3:                          0x16c
  .bss                zero     0x200001a4    0x80  XShHandles.o [3]
  .bss                zero     0x20000224    0x50  xfiles.o [3]
  .bss                zero     0x20000274    0x50  xfiles.o [3]
  .bss                zero     0x200002c4     0x8  xxmemxmalloc.o [3]
  .bss                zero     0x200002cc     0x4  drv_glcd.o [1]
  .bss                zero     0x200002d0     0x4  drv_glcd.o [1]
  .bss                zero     0x200002d4     0x4  drv_glcd.o [1]
  .bss                zero     0x200002d8     0x4  drv_glcd.o [1]
  .bss                zero     0x200002dc     0x4  drv_glcd.o [1]
  .bss                zero     0x200002e0     0x4  drv_glcd.o [1]
  .bss                zero     0x200002e4     0x4  drv_glcd.o [1]
  .bss                zero     0x200002e8     0x4  drv_glcd.o [1]
  .bss                zero     0x200002ec     0x4  drv_glcd.o [1]
  .bss                zero     0x200002f0     0x4  drv_glcd.o [1]
  .bss                zero     0x200002f4     0x4  drv_glcd.o [1]
  .bss                zero     0x200002f8     0x4  glcd_ll.o [1]
  .bss                zero     0x200002fc     0x4  main.o [1]
  .bss                zero     0x20000300     0x4  main.o [1]
  .bss                zero     0x20000304     0x4  xgetmemchunk.o [3]
  __DLIB_PERTHREAD    zero     0x20000308     0x4  errno.o [3]
  .bss                zero     0x2000030c     0x1  drv_glcd.o [1]
                             - 0x2000030d   0x169

"P2", part 3 of 3:                          0x600
  CSTACK                       0x20000310   0x400  <Block>
    CSTACK            uninit   0x20000310   0x400  <Block tail>
  HEAP                         0x20000710   0x200  <Block>
    HEAP              uninit   0x20000710   0x200  <Block tail>
                             - 0x20000910   0x600


*******************************************************************************
*** INIT TABLE
***

          Address     Size
          -------     ----
Zero (__iar_zero_init3)
    1 destination range, total size 0x169:
          0x200001a4  0x169

Copy/packbits (__iar_packbits_init3)
    1 source range, total size 0xec (56% of destination):
          0x0800da0c   0xec
    1 destination range, total size 0x1a4:
          0x20000000  0x1a4



*******************************************************************************
*** MODULE SUMMARY
***

    Module                ro code  ro data  rw data
    ------                -------  -------  -------
C:\Working\GES\MPPT\F4\STM32F4xx\IAR-STM32F407ZG-SK\LCD\Flash Debug\Obj: [1]
    Terminal_9_12x6.o                3 106       24
    drv_glcd.o              2 542    1 910       57
    glcd_ll.o                 700                 4
    iar_logo.o                      34 864       28
    iar_stm32f407zg_sk.o      360      163       48
    main.o                    788      132        8
    misc.o                    120
    startup_stm32f4xx.o       772
    stm32f4xx_adc.o           364
    stm32f4xx_exti.o          152
    stm32f4xx_gpio.o          284
    stm32f4xx_it.o             24
    stm32f4xx_rcc.o           180
    stm32f4xx_syscfg.o         84
    stm32f4xx_tim.o           340
    system_stm32f4xx.o        324        3        4
    -----------------------------------------------
    Total:                  7 034   40 178      173

command line: [2]
    -----------------------------------------------
    Total:

dl7M_tlf.a: [3]
    XShHandles.o              224               128
    abort.o                     6
    div.o                      14
    errno.o                    12                 4
    exit.o                      4
    fclose.o                  122
    fflush.o                  176
    fputc.o                    86
    fseek.o                    34
    localeconv.o              108       44       80
    low_level_init.o            4
    vsprintf.o                 44
    xassert.o                  76
    xcloseall.o                88
    xfgpos.o                   12
    xfiles.o                           126      384
    xfofind.o                 128
    xfspos.o                  214
    xfwprep.o                 182
    xgetmemchunk.o             40                 4
    xprintffull_nomb.o      3 254
    xreportassert.o           176
    xsprout.o                  10
    xsyslock_nop.o              4
    xtls.o                      2
    xxmemxfree.o              128
    xxmemxmalloc.o            176                 8
    -----------------------------------------------
    Total:                  5 324      170      608

m7M_tl.a: [4]
    DblAdd.o                  212
    DblCmpGe.o                 46
    DblCmpLe.o                 46
    DblDiv.o                  582
    DblMul.o                  418
    DblSub.o                  384
    DblToI32.o                 88
    I32ToDbl.o                 48
    xdnorm.o                   66
    xdscale.o                 268
    -----------------------------------------------
    Total:                  2 158

rt7M_tl.a: [5]
    ABImemcpy.o               118
    I64DivMod.o               238
    I64DivZer.o                 2
    cexit.o                    14
    cmain.o                    22
    cstart_closeall.o
    cstartup_M.o               12
    data_init3.o               40
    memchr.o                   88
    packbits_init3.o          166
    strchr.o                   22
    strlen.o                   54
    zero_init3.o               34
    -----------------------------------------------
    Total:                    810

shb_l.a: [6]
    close.o                    26
    dwrite.o                   30
    exit.o                     20
    iarwrite.o                 34
    iarwstdswo.o               76
    lseek.o                    76
    remove.o                   22
    write.o                    16
    -----------------------------------------------
    Total:                    300

    Gaps                       32        6
    Linker created                      44    1 536
---------------------------------------------------
    Grand Total:           15 658   40 398    2 317


*******************************************************************************
*** ENTRY LIST
***

Entry                      Address    Size  Type      Object
-----                      -------    ----  ----      ------
?main                   0x0800d78d          Code  Gb  cmain.o [5]
ADC_Cmd                 0x0800c2a1    0x1a  Code  Gb  stm32f4xx_adc.o [1]
ADC_DMACmd              0x0800c39f    0x1a  Code  Gb  stm32f4xx_adc.o [1]
ADC_GetConversionValue  0x0800c399     0x6  Code  Gb  stm32f4xx_adc.o [1]
ADC_IRQHandler          0x0800d90d          Code  Wk  startup_stm32f4xx.o [1]
ADC_Init                0x0800c255    0x4c  Code  Gb  stm32f4xx_adc.o [1]
ADC_RegularChannelConfig
                        0x0800c2bb    0xd4  Code  Gb  stm32f4xx_adc.o [1]
ADC_SoftwareStartConv   0x0800c38f     0xa  Code  Gb  stm32f4xx_adc.o [1]
BUTTON_CLK              0x0800d738    0x20  Data  Gb  iar_stm32f407zg_sk.o [1]
BUTTON_EXTI_LINE        0x0800d828    0x10  Data  Gb  iar_stm32f407zg_sk.o [1]
BUTTON_IRQn             0x0800d858    0x10  Data  Gb  iar_stm32f407zg_sk.o [1]
BUTTON_PIN              0x0800d818    0x10  Data  Gb  iar_stm32f407zg_sk.o [1]
BUTTON_PIN_SOURCE       0x0800d848    0x10  Data  Gb  iar_stm32f407zg_sk.o [1]
BUTTON_PORT             0x20000110    0x20  Data  Gb  iar_stm32f407zg_sk.o [1]
BUTTON_PORT_SOURCE      0x0800d838    0x10  Data  Gb  iar_stm32f407zg_sk.o [1]
BusFault_Handler        0x0800d77b     0x2  Code  Gb  stm32f4xx_it.o [1]
CAN1_RX0_IRQHandler     0x0800d915          Code  Wk  startup_stm32f4xx.o [1]
CAN1_RX1_IRQHandler     0x0800d919          Code  Wk  startup_stm32f4xx.o [1]
CAN1_SCE_IRQHandler     0x0800d91d          Code  Wk  startup_stm32f4xx.o [1]
CAN1_TX_IRQHandler      0x0800d911          Code  Wk  startup_stm32f4xx.o [1]
CAN2_RX0_IRQHandler     0x0800d9c5          Code  Wk  startup_stm32f4xx.o [1]
CAN2_RX1_IRQHandler     0x0800d9c9          Code  Wk  startup_stm32f4xx.o [1]
CAN2_SCE_IRQHandler     0x0800d9cd          Code  Wk  startup_stm32f4xx.o [1]
CAN2_TX_IRQHandler      0x0800d9c1          Code  Wk  startup_stm32f4xx.o [1]
CRYP_IRQHandler         0x0800da01          Code  Wk  startup_stm32f4xx.o [1]
CSTACK$$Base            0x20000310           --   Gb  - Linker created -
CSTACK$$Limit           0x20000710           --   Gb  - Linker created -
CriticalSecCntr         0x20000300     0x4  Data  Gb  main.o [1]
DCMI_IRQHandler         0x0800d9fd          Code  Wk  startup_stm32f4xx.o [1]
DMA1_Stream0_IRQHandler
                        0x0800d8f1          Code  Wk  startup_stm32f4xx.o [1]
DMA1_Stream1_IRQHandler
                        0x0800d8f5          Code  Wk  startup_stm32f4xx.o [1]
DMA1_Stream2_IRQHandler
                        0x0800d8f9          Code  Wk  startup_stm32f4xx.o [1]
DMA1_Stream3_IRQHandler
                        0x0800d8fd          Code  Wk  startup_stm32f4xx.o [1]
DMA1_Stream4_IRQHandler
                        0x0800d901          Code  Wk  startup_stm32f4xx.o [1]
DMA1_Stream5_IRQHandler
                        0x0800d905          Code  Wk  startup_stm32f4xx.o [1]
DMA1_Stream6_IRQHandler
                        0x0800d909          Code  Wk  startup_stm32f4xx.o [1]
DMA1_Stream7_IRQHandler
                        0x0800d981          Code  Wk  startup_stm32f4xx.o [1]
DMA2_Stream0_IRQHandler
                        0x0800d9a5          Code  Wk  startup_stm32f4xx.o [1]
DMA2_Stream1_IRQHandler
                        0x0800d9a9          Code  Wk  startup_stm32f4xx.o [1]
DMA2_Stream2_IRQHandler
                        0x0800d9ad          Code  Wk  startup_stm32f4xx.o [1]
DMA2_Stream3_IRQHandler
                        0x0800d9b1          Code  Wk  startup_stm32f4xx.o [1]
DMA2_Stream4_IRQHandler
                        0x0800d9b5          Code  Wk  startup_stm32f4xx.o [1]
DMA2_Stream5_IRQHandler
                        0x0800d9d5          Code  Wk  startup_stm32f4xx.o [1]
DMA2_Stream6_IRQHandler
                        0x0800d9d9          Code  Wk  startup_stm32f4xx.o [1]
DMA2_Stream7_IRQHandler
                        0x0800d9dd          Code  Wk  startup_stm32f4xx.o [1]
DebugMon_Handler        0x0800d781     0x2  Code  Gb  stm32f4xx_it.o [1]
DelayResolution100us    0x0800ba8f     0xe  Code  Gb  main.o [1]
DrawTable               0x0800bab1    0x84  Code  Gb  main.o [1]
ETH_IRQHandler          0x0800d9b9          Code  Wk  startup_stm32f4xx.o [1]
ETH_WKUP_IRQHandler     0x0800d9bd          Code  Wk  startup_stm32f4xx.o [1]
EXTI0_IRQHandler        0x0800d8dd          Code  Wk  startup_stm32f4xx.o [1]
EXTI15_10_IRQHandler    0x0800d965          Code  Wk  startup_stm32f4xx.o [1]
EXTI1_IRQHandler        0x0800d8e1          Code  Wk  startup_stm32f4xx.o [1]
EXTI2_IRQHandler        0x0800d8e5          Code  Wk  startup_stm32f4xx.o [1]
EXTI3_IRQHandler        0x0800d8e9          Code  Wk  startup_stm32f4xx.o [1]
EXTI4_IRQHandler        0x0800d8ed          Code  Wk  startup_stm32f4xx.o [1]
EXTI9_5_IRQHandler      0x0800d921          Code  Wk  startup_stm32f4xx.o [1]
EXTI_Init               0x0800c4cd    0x88  Code  Gb  stm32f4xx_exti.o [1]
EntrCritSection         0x0800c0b9    0x1c  Code  Gb  main.o [1]
ExtCritSection          0x0800c0d5    0x18  Code  Gb  main.o [1]
FLASH_IRQHandler        0x0800d8d5          Code  Wk  startup_stm32f4xx.o [1]
FPU_IRQHandler          0x0800da09          Code  Wk  startup_stm32f4xx.o [1]
FSMC_IRQHandler         0x0800d985          Code  Wk  startup_stm32f4xx.o [1]
GLCD_Backlight          0x0800b799     0x8  Code  Gb  glcd_ll.o [1]
GLCD_Cmd_Iss0           0x0800cbe8   0x360  Data  Lc  drv_glcd.o [1]
GLCD_Cmd_Iss1           0x0800cf48   0x360  Data  Lc  drv_glcd.o [1]
GLCD_LLInit             0x0800b7a1    0xf8  Code  Gb  glcd_ll.o [1]
GLCD_PowerUpInit        0x0800b03b   0x1b0  Code  Gb  drv_glcd.o [1]
GLCD_SPI_ChipSelect     0x0800b899    0x18  Code  Gb  glcd_ll.o [1]
GLCD_SPI_Init           0x0800b8c5    0xbe  Code  Gb  glcd_ll.o [1]
GLCD_SPI_ReceiveBlock   0x0800b9fb    0x1a  Code  Gb  glcd_ll.o [1]
GLCD_SPI_SendBlock      0x0800b9dd    0x1e  Code  Gb  glcd_ll.o [1]
GLCD_SPI_SetWordWidth   0x0800b8b1    0x14  Code  Gb  glcd_ll.o [1]
GLCD_SPI_TranserByte    0x0800b983    0x5a  Code  Gb  glcd_ll.o [1]
GLCD_SendCmd            0x0800ad91   0x2aa  Code  Gb  drv_glcd.o [1]
GLCD_SetFont            0x0800b1eb    0x14  Code  Gb  drv_glcd.o [1]
GLCD_SetReset           0x0800b781    0x18  Code  Gb  glcd_ll.o [1]
GLCD_SetWindow          0x0800b1ff    0x84  Code  Gb  drv_glcd.o [1]
GLCD_TextCalcWindow     0x0800b291    0xfc  Code  Lc  drv_glcd.o [1]
GLCD_TextSetPos         0x0800b283     0xe  Code  Gb  drv_glcd.o [1]
GLCD_print              0x0800b751    0x2e  Code  Gb  drv_glcd.o [1]
GLCD_putchar            0x0800b38d   0x35e  Code  Gb  drv_glcd.o [1]
GPIO_CLK                0x0800d808    0x10  Data  Gb  iar_stm32f407zg_sk.o [1]
GPIO_Init               0x0800bd95    0xa6  Code  Gb  stm32f4xx_gpio.o [1]
GPIO_PIN                0x0800d894     0x8  Data  Gb  iar_stm32f407zg_sk.o [1]
GPIO_PORT               0x20000184    0x10  Data  Gb  iar_stm32f407zg_sk.o [1]
GPIO_PinAFConfig        0x0800be5f    0x52  Code  Gb  stm32f4xx_gpio.o [1]
GPIO_ReadInputDataBit   0x0800be3b    0x16  Code  Gb  stm32f4xx_gpio.o [1]
GPIO_WriteBit           0x0800be51     0xe  Code  Gb  stm32f4xx_gpio.o [1]
Glcd_Iss                0x2000030c     0x1  Data  Lc  drv_glcd.o [1]
HASH_RNG_IRQHandler     0x0800da05          Code  Wk  startup_stm32f4xx.o [1]
HEAP$$Base              0x20000710           --   Gb  - Linker created -
HEAP$$Limit             0x20000910           --   Gb  - Linker created -
HardFault_Handler       0x0800d777     0x2  Code  Gb  stm32f4xx_it.o [1]
I2C1_ER_IRQHandler      0x0800d945          Code  Wk  startup_stm32f4xx.o [1]
I2C1_EV_IRQHandler      0x0800d941          Code  Wk  startup_stm32f4xx.o [1]
I2C2_ER_IRQHandler      0x0800d94d          Code  Wk  startup_stm32f4xx.o [1]
I2C2_EV_IRQHandler      0x0800d949          Code  Wk  startup_stm32f4xx.o [1]
I2C3_ER_IRQHandler      0x0800d9e9          Code  Wk  startup_stm32f4xx.o [1]
I2C3_EV_IRQHandler      0x0800d9e5          Code  Wk  startup_stm32f4xx.o [1]
IAR_Logo                0x20000150    0x1c  Data  Gb  iar_logo.o [1]
IAR_LogoStream          0x08000188  0x8820  Data  Gb  iar_logo.o [1]
MemManage_Handler       0x0800d779     0x2  Code  Gb  stm32f4xx_it.o [1]
NMI_Handler             0x0800d775     0x2  Code  Gb  stm32f4xx_it.o [1]
NVIC_Init               0x0800c565    0x68  Code  Gb  misc.o [1]
NVIC_SetPriority        0x0800ba3d    0x22  Code  Lc  main.o [1]
OTG_FS_IRQHandler       0x0800d9d1          Code  Wk  startup_stm32f4xx.o [1]
OTG_FS_WKUP_IRQHandler  0x0800d96d          Code  Wk  startup_stm32f4xx.o [1]
OTG_HS_EP1_IN_IRQHandler
                        0x0800d9f1          Code  Wk  startup_stm32f4xx.o [1]
OTG_HS_EP1_OUT_IRQHandler
                        0x0800d9ed          Code  Wk  startup_stm32f4xx.o [1]
OTG_HS_IRQHandler       0x0800d9f9          Code  Wk  startup_stm32f4xx.o [1]
OTG_HS_WKUP_IRQHandler  0x0800d9f5          Code  Wk  startup_stm32f4xx.o [1]
OddPixel                0x200002cc     0x4  Data  Lc  drv_glcd.o [1]
PVD_IRQHandler          0x0800d8c9          Code  Wk  startup_stm32f4xx.o [1]
PendSV_Handler          0x0800d783     0x2  Code  Gb  stm32f4xx_it.o [1]
PixelHold               0x200002d0     0x4  Data  Lc  drv_glcd.o [1]
RCC_AHB1PeriphClockCmd  0x0800beb1    0x20  Code  Gb  stm32f4xx_rcc.o [1]
RCC_AHB1PeriphResetCmd  0x0800bf11    0x20  Code  Gb  stm32f4xx_rcc.o [1]
RCC_APB1PeriphClockCmd  0x0800bed1    0x20  Code  Gb  stm32f4xx_rcc.o [1]
RCC_APB1PeriphResetCmd  0x0800bf31    0x20  Code  Gb  stm32f4xx_rcc.o [1]
RCC_APB2PeriphClockCmd  0x0800bef1    0x20  Code  Gb  stm32f4xx_rcc.o [1]
RCC_IRQHandler          0x0800d8d9          Code  Wk  startup_stm32f4xx.o [1]
RTC_Alarm_IRQHandler    0x0800d969          Code  Wk  startup_stm32f4xx.o [1]
RTC_WKUP_IRQHandler     0x0800d8d1          Code  Wk  startup_stm32f4xx.o [1]
Region$$Table$$Base     0x0800d6ec           --   Gb  - Linker created -
Region$$Table$$Limit    0x0800d718           --   Gb  - Linker created -
Reset_Handler           0x0800d879          Code  Wk  startup_stm32f4xx.o [1]
SDIO_IRQHandler         0x0800d989          Code  Wk  startup_stm32f4xx.o [1]
SPI1_IRQHandler         0x0800d951          Code  Wk  startup_stm32f4xx.o [1]
SPI2_IRQHandler         0x0800d955          Code  Wk  startup_stm32f4xx.o [1]
SPI3_IRQHandler         0x0800d991          Code  Wk  startup_stm32f4xx.o [1]
STM_EVAL_LEDInit        0x0800c0ed    0x44  Code  Gb  iar_stm32f407zg_sk.o [1]
STM_EVAL_LEDOff         0x0800c145    0x14  Code  Gb  iar_stm32f407zg_sk.o [1]
STM_EVAL_LEDOn          0x0800c131    0x14  Code  Gb  iar_stm32f407zg_sk.o [1]
STM_EVAL_PBGetState     0x0800c213    0x18  Code  Gb  iar_stm32f407zg_sk.o [1]
STM_EVAL_PBInit         0x0800c159    0xba  Code  Gb  iar_stm32f407zg_sk.o [1]
SVC_Handler             0x0800d77f     0x2  Code  Gb  stm32f4xx_it.o [1]
SYSCFG_EXTILineConfig   0x0800c479    0x50  Code  Gb  stm32f4xx_syscfg.o [1]
SetSysClock             0x0800d2ef    0xce  Code  Lc  system_stm32f4xx.o [1]
SysTick_Config          0x0800ba5f    0x30  Code  Lc  main.o [1]
SysTick_Handler         0x0800d785     0x8  Code  Gb  stm32f4xx_it.o [1]
SystemCoreClock         0x200001a0     0x4  Data  Gb  system_stm32f4xx.o [1]
SystemInit              0x0800d2a9    0x46  Code  Gb  system_stm32f4xx.o [1]
TAMP_STAMP_IRQHandler   0x0800d8cd          Code  Wk  startup_stm32f4xx.o [1]
TIM1_BRK_TIM9_IRQHandler
                        0x0800d925          Code  Wk  startup_stm32f4xx.o [1]
TIM1_CC_IRQHandler      0x0800d931          Code  Wk  startup_stm32f4xx.o [1]
TIM1_TRG_COM_TIM11_IRQHandler
                        0x0800d92d          Code  Wk  startup_stm32f4xx.o [1]
TIM1_UP_TIM10_IRQHandler
                        0x0800d929          Code  Wk  startup_stm32f4xx.o [1]
TIM2_IRQHandler         0x0800d935          Code  Wk  startup_stm32f4xx.o [1]
TIM3_IRQHandler         0x0800d939          Code  Wk  startup_stm32f4xx.o [1]
TIM4_IRQHandler         0x0800d93d          Code  Wk  startup_stm32f4xx.o [1]
TIM5_IRQHandler         0x0800d98d          Code  Wk  startup_stm32f4xx.o [1]
TIM6_DAC_IRQHandler     0x0800d99d          Code  Wk  startup_stm32f4xx.o [1]
TIM7_IRQHandler         0x0800d9a1          Code  Wk  startup_stm32f4xx.o [1]
TIM8_BRK_TIM12_IRQHandler
                        0x0800d971          Code  Wk  startup_stm32f4xx.o [1]
TIM8_CC_IRQHandler      0x0800d97d          Code  Wk  startup_stm32f4xx.o [1]
TIM8_TRG_COM_TIM14_IRQHandler
                        0x0800d979          Code  Wk  startup_stm32f4xx.o [1]
TIM8_UP_TIM13_IRQHandler
                        0x0800d975          Code  Wk  startup_stm32f4xx.o [1]
TIM_ARRPreloadConfig    0x0800bfcf    0x1c  Code  Gb  stm32f4xx_tim.o [1]
TIM_Cmd                 0x0800bfeb    0x1c  Code  Gb  stm32f4xx_tim.o [1]
TIM_InternalClockConfig
                        0x0800c0ad     0xc  Code  Gb  stm32f4xx_tim.o [1]
TIM_OC3Init             0x0800c007    0x8a  Code  Gb  stm32f4xx_tim.o [1]
TIM_TimeBaseInit        0x0800bf65    0x6a  Code  Gb  stm32f4xx_tim.o [1]
TabSize                 0x2000019c     0x4  Data  Lc  drv_glcd.o [1]
Terminal_9_12_6         0x2000016c    0x18  Data  Gb  Terminal_9_12x6.o [1]
TextBackgndColour       0x200002dc     0x4  Data  Lc  drv_glcd.o [1]
TextColour              0x200002d8     0x4  Data  Lc  drv_glcd.o [1]
TextStream              0x0800a190   0xc00  Data  Lc  Terminal_9_12x6.o [1]
TextX_Pos               0x200002e0     0x4  Data  Lc  drv_glcd.o [1]
TextY_Pos               0x200002e4     0x4  Data  Lc  drv_glcd.o [1]
TimingDelay             0x200002fc     0x4  Data  Lc  main.o [1]
TimingDelay_Decrement   0x0800ba9d    0x14  Code  Gb  main.o [1]
UART4_IRQHandler        0x0800d995          Code  Wk  startup_stm32f4xx.o [1]
UART5_IRQHandler        0x0800d999          Code  Wk  startup_stm32f4xx.o [1]
USART1_IRQHandler       0x0800d959          Code  Wk  startup_stm32f4xx.o [1]
USART2_IRQHandler       0x0800d95d          Code  Wk  startup_stm32f4xx.o [1]
USART3_IRQHandler       0x0800d961          Code  Wk  startup_stm32f4xx.o [1]
USART6_IRQHandler       0x0800d9e1          Code  Wk  startup_stm32f4xx.o [1]
UsageFault_Handler      0x0800d77d     0x2  Code  Gb  stm32f4xx_it.o [1]
WWDG_IRQHandler         0x0800d8c5          Code  Wk  startup_stm32f4xx.o [1]
Width                   0x200002f8     0x4  Data  Lc  glcd_ll.o [1]
XL_Win                  0x200002e8     0x4  Data  Lc  drv_glcd.o [1]
XR_Win                  0x20000194     0x4  Data  Lc  drv_glcd.o [1]
YD_Win                  0x20000198     0x4  Data  Lc  drv_glcd.o [1]
YU_Win                  0x200002ec     0x4  Data  Lc  drv_glcd.o [1]
_Close_all              0x0800d621    0x58  Code  Gb  xcloseall.o [3]
_Files                  0x20000130    0x20  Data  Gb  xfiles.o [3]
_Fofree                 0x0800d495    0x7a  Code  Gb  xfofind.o [3]
_Fspos                  0x0800c95d    0xd6  Code  Gb  xfspos.o [3]
_Fwprep                 0x0800c6fd    0xb6  Code  Gb  xfwprep.o [3]
_GenldFullNoMb          0x080093c9   0x24e  Code  Lc  xprintffull_nomb.o [3]
_LdtobFullNoMb          0x08008fc9   0x3fa  Code  Lc  xprintffull_nomb.o [3]
_LitobFullNoMb          0x08008eb3   0x10e  Code  Lc  xprintffull_nomb.o [3]
_Locale_lconv           0x20000000    0x50  Data  Gb  localeconv.o [3]
_Nnl                    0x0800caa3     0xc  Code  Gb  xfgpos.o [3]
_PrintfFullNoMb         0x080089a9   0x504  Code  Gb  xprintffull_nomb.o [3]
_PutcharsFullNoMb       0x08009617    0x2e  Code  Lc  xprintffull_nomb.o [3]
_SProut                 0x08009697     0xa  Code  Gb  xsprout.o [3]
__aeabi_assert          0x0800bd1f    0x4a  Code  Gb  xassert.o [3]
__aeabi_cdcmple         0x080098d9          Code  Gb  DblCmpLe.o [4]
__aeabi_cdrcmple        0x08009909          Code  Gb  DblCmpGe.o [4]
__aeabi_d2iz            0x08009a45          Code  Gb  DblToI32.o [4]
__aeabi_d2uiz           0x08009a71          Code  Gb  DblToI32.o [4]
__aeabi_ddiv            0x08009df1          Code  Gb  DblDiv.o [4]
__aeabi_dmul            0x08009c4d          Code  Gb  DblMul.o [4]
__aeabi_dsub            0x08009acd          Code  Gb  DblSub.o [4]
__aeabi_errno_addr      0x0800cafd     0x6  Code  Gb  errno.o [3]
__aeabi_i2d             0x08009a9d          Code  Gb  I32ToDbl.o [4]
__aeabi_ldiv0           0x0800a0b5          Code  Gb  I64DivZer.o [5]
__aeabi_memcpy          0x08009821          Code  Gb  ABImemcpy.o [5]
__aeabi_memcpy4         0x08009841          Code  Gb  ABImemcpy.o [5]
__aeabi_memcpy8         0x08009841          Code  Gb  ABImemcpy.o [5]
__aeabi_ui2d            0x08009ab1          Code  Gb  I32ToDbl.o [4]
__aeabi_uldivmod        0x08009731          Code  Gb  I64DivMod.o [5]
__cexit_closeall        0x0800d7af          Code  Gb  cexit.o [5]
__close                 0x0800d58f    0x1a  Code  Gb  close.o [6]
__cmain                 0x0800d78d          Code  Gb  cmain.o [5]
__cstart_closeall       0x0800da0c          Data  Gb  cstart_closeall.o [5]
__data_Aldata           0x200002c4     0x8  Data  Gb  xxmemxmalloc.o [3]
__data_GetMemChunk      0x0800c935    0x28  Code  Gb  xgetmemchunk.o [3]
__dwrite                0x0800c897    0x1e  Code  Gb  dwrite.o [6]
__exit                  0x0800c6e5    0x14  Code  Gb  exit.o [6]
__iar_Dnorm             0x08009897    0x42  Code  Gb  xdnorm.o [4]
__iar_Dscale            0x08009939   0x10c  Code  Gb  xdscale.o [4]
__iar_EmptyStepPoint    0x0800bd1d     0x2  Code  Gb  xassert.o [3]
__iar_Errno             0x20000308     0x4  Data  Gb  errno.o [3]
__iar_Locale_lconv_init
                        0x0800a039    0x3a  Code  Gb  localeconv.o [3]
__iar_Lockfilelock      0x0800c6f9     0x2  Code  Gb  xsyslock_nop.o [3]
__iar_Memchr            0x080096d9          Code  Gb  memchr.o [5]
__iar_ReportAssert      0x0800c3e1    0x56  Code  Gb  xreportassert.o [3]
__iar_Stderr            0x200000d0    0x40  Data  Gb  xfiles.o [3]
__iar_Stdin             0x20000050    0x40  Data  Gb  xfiles.o [3]
__iar_Stdout            0x20000090    0x40  Data  Gb  xfiles.o [3]
__iar_Strchr            0x08009681          Code  Gb  strchr.o [5]
__iar_Unlockfilelock    0x0800c6fb     0x2  Code  Gb  xsyslock_nop.o [3]
__iar_d2uiz             0x08009a7d          Code  Gb  DblToI32.o [4]
__iar_dadd              0x0800a0b9          Code  Gb  DblAdd.o [4]
__iar_data_init3        0x0800d6c5    0x28  Code  Gb  data_init3.o [5]
__iar_dlib_perthread_access
                        0x0800a18d     0x2  Code  Gb  xtls.o [3]
__iar_dsub              0x08009ae1          Code  Gb  DblSub.o [4]
__iar_dsubStart         0x08009af3          Code  Gb  DblSub.o [4]
__iar_packbits_init3    0x0800d3ed    0xa6  Code  Gb  packbits_init3.o [5]
__iar_program_start     0x0800d889          Code  Gb  cstartup_M.o [5]
__iar_sh_Discard        0x0800cb09    0x48  Code  Gb  XShHandles.o [3]
__iar_sh_Move           0x0800cb51    0x4c  Code  Gb  XShHandles.o [3]
__iar_sh_Pos            0x0800cb9d    0x44  Code  Gb  XShHandles.o [3]
__iar_sh_stdout_swo     0x0800ca35    0x4c  Code  Gb  iarwstdswo.o [6]
__iar_sh_write          0x0800ca81    0x22  Code  Gb  iarwrite.o [6]
__iar_ui2d              0x08009ab5          Code  Gb  I32ToDbl.o [4]
__iar_zero_init3        0x0800965f    0x22  Code  Gb  zero_init3.o [5]
__low_level_init        0x0800d7a3     0x4  Code  Gb  low_level_init.o [3]
__lseek                 0x0800caaf    0x4c  Code  Gb  lseek.o [6]
__vector_table          0x08000000          Data  Gb  startup_stm32f4xx.o [1]
__write                 0x0800c7b3    0x10  Code  Gb  write.o [6]
_call_main              0x0800d799          Code  Gb  cmain.o [5]
_exit                   0x0800d7ad          Code  Gb  cexit.o [5]
_main                   0x0800d79f          Code  Gb  cmain.o [5]
abort                   0x0800c471     0x6  Code  Gb  abort.o [3]
div                     0x0800a0a5     0xe  Code  Gb  div.o [3]
ebuf                    0x20000224    0x50  Data  Lc  xfiles.o [3]
exit                    0x0800d7a7     0x4  Code  Gb  exit.o [3]
fclose                  0x0800d515    0x7a  Code  Gb  fclose.o [3]
fflush                  0x0800c6ab    0x34  Code  Gb  fflush.o [3]
fflushOne               0x0800c635    0x76  Code  Lc  fflush.o [3]
fputc                   0x0800c5dd    0x56  Code  Gb  fputc.o [3]
free                    0x0800c8b5    0x7a  Code  Gb  xxmemxfree.o [3]
fseek                   0x0800c875    0x22  Code  Gb  fseek.o [3]
localeconv              0x0800a073    0x16  Code  Gb  localeconv.o [3]
main                    0x0800bb35   0x1ae  Code  Gb  main.o [1]
malloc                  0x0800c7c5    0xac  Code  Gb  xxmemxmalloc.o [3]
memchr                  0x080096d9          Code  Gb  memchr.o [5]
obuf                    0x20000274    0x50  Data  Lc  xfiles.o [3]
out                     0x0800c3c1    0x1a  Code  Lc  xreportassert.o [3]
pCurrFont               0x200002d4     0x4  Data  Lc  drv_glcd.o [1]
remove                  0x0800d5a9    0x16  Code  Gb  remove.o [6]
sFileInfo               0x200001a4    0x80  Data  Lc  XShHandles.o [3]
strchr                  0x08009681          Code  Gb  strchr.o [5]
strlen                  0x080096a1          Code  Gb  strlen.o [5]
vsprintf                0x0800bd69    0x2c  Code  Gb  vsprintf.o [3]


[1] = C:\Working\GES\MPPT\F4\STM32F4xx\IAR-STM32F407ZG-SK\LCD\Flash Debug\Obj
[2] = command line
[3] = dl7M_tlf.a
[4] = m7M_tl.a
[5] = rt7M_tl.a
[6] = shb_l.a

  15 658 bytes of readonly  code memory
  40 398 bytes of readonly  data memory
   2 317 bytes of readwrite data memory

Errors: none
Warnings: none
